Archive member included to satisfy reference by file (symbol)

/usr/lib/gcc/arm-none-eabi/10.3.1/thumb/v6-m/nofp/libgcc.a(_dvmd_tls.o)
                              CMakeFiles/blink.dir/home/patrick/projects/pico/pico-sdk/src/rp2_common/pico_divider/divider_hardware.S.obj (__aeabi_idiv0)
/usr/lib/gcc/arm-none-eabi/10.3.1/thumb/v6-m/nofp/libgcc.a(_clear_cache.o)
                              CMakeFiles/blink.dir/main.c.obj (__clear_cache)
/usr/lib/gcc/arm-none-eabi/10.3.1/../../../arm-none-eabi/lib/thumb/v6-m/nofp/libg.a(lib_a-atexit.o)
                              /usr/lib/gcc/arm-none-eabi/10.3.1/../../../arm-none-eabi/lib/thumb/v6-m/nofp/crt0.o (atexit)
/usr/lib/gcc/arm-none-eabi/10.3.1/../../../arm-none-eabi/lib/thumb/v6-m/nofp/libg.a(lib_a-calloc.o)
                              CMakeFiles/blink.dir/home/patrick/projects/pico/pico-sdk/src/rp2_common/pico_malloc/malloc.c.obj (calloc)
/usr/lib/gcc/arm-none-eabi/10.3.1/../../../arm-none-eabi/lib/thumb/v6-m/nofp/libg.a(lib_a-callocr.o)
                              /usr/lib/gcc/arm-none-eabi/10.3.1/../../../arm-none-eabi/lib/thumb/v6-m/nofp/libg.a(lib_a-calloc.o) (_calloc_r)
/usr/lib/gcc/arm-none-eabi/10.3.1/../../../arm-none-eabi/lib/thumb/v6-m/nofp/libg.a(lib_a-fini.o)
                              /usr/lib/gcc/arm-none-eabi/10.3.1/../../../arm-none-eabi/lib/thumb/v6-m/nofp/crt0.o (__libc_fini_array)
/usr/lib/gcc/arm-none-eabi/10.3.1/../../../arm-none-eabi/lib/thumb/v6-m/nofp/libg.a(lib_a-impure.o)
                              /usr/lib/gcc/arm-none-eabi/10.3.1/../../../arm-none-eabi/lib/thumb/v6-m/nofp/libg.a(lib_a-calloc.o) (_impure_ptr)
/usr/lib/gcc/arm-none-eabi/10.3.1/../../../arm-none-eabi/lib/thumb/v6-m/nofp/libg.a(lib_a-init.o)
                              /usr/lib/gcc/arm-none-eabi/10.3.1/../../../arm-none-eabi/lib/thumb/v6-m/nofp/crt0.o (__libc_init_array)
/usr/lib/gcc/arm-none-eabi/10.3.1/../../../arm-none-eabi/lib/thumb/v6-m/nofp/libg.a(lib_a-lcltime_r.o)
                              CMakeFiles/blink.dir/home/patrick/projects/pico/pico-sdk/src/common/pico_util/datetime.c.obj (localtime_r)
/usr/lib/gcc/arm-none-eabi/10.3.1/../../../arm-none-eabi/lib/thumb/v6-m/nofp/libg.a(lib_a-malloc.o)
                              CMakeFiles/blink.dir/home/patrick/projects/pico/pico-sdk/src/rp2_common/pico_malloc/malloc.c.obj (malloc)
/usr/lib/gcc/arm-none-eabi/10.3.1/../../../arm-none-eabi/lib/thumb/v6-m/nofp/libg.a(lib_a-mallocr.o)
                              /usr/lib/gcc/arm-none-eabi/10.3.1/../../../arm-none-eabi/lib/thumb/v6-m/nofp/libg.a(lib_a-callocr.o) (_malloc_r)
/usr/lib/gcc/arm-none-eabi/10.3.1/../../../arm-none-eabi/lib/thumb/v6-m/nofp/libg.a(lib_a-memcmp.o)
                              CMakeFiles/blink.dir/home/patrick/projects/pico/pico-sdk/src/rp2_common/pico_atomic/atomic.c.obj (memcmp)
/usr/lib/gcc/arm-none-eabi/10.3.1/../../../arm-none-eabi/lib/thumb/v6-m/nofp/libg.a(lib_a-mktime.o)
                              CMakeFiles/blink.dir/home/patrick/projects/pico/pico-sdk/src/common/pico_util/datetime.c.obj (mktime)
/usr/lib/gcc/arm-none-eabi/10.3.1/../../../arm-none-eabi/lib/thumb/v6-m/nofp/libg.a(lib_a-mlock.o)
                              /usr/lib/gcc/arm-none-eabi/10.3.1/../../../arm-none-eabi/lib/thumb/v6-m/nofp/libg.a(lib_a-mallocr.o) (__malloc_lock)
/usr/lib/gcc/arm-none-eabi/10.3.1/../../../arm-none-eabi/lib/thumb/v6-m/nofp/libg.a(lib_a-month_lengths.o)
                              /usr/lib/gcc/arm-none-eabi/10.3.1/../../../arm-none-eabi/lib/thumb/v6-m/nofp/libg.a(lib_a-lcltime_r.o) (__month_lengths)
/usr/lib/gcc/arm-none-eabi/10.3.1/../../../arm-none-eabi/lib/thumb/v6-m/nofp/libg.a(lib_a-realloc.o)
                              CMakeFiles/blink.dir/home/patrick/projects/pico/pico-sdk/src/rp2_common/pico_malloc/malloc.c.obj (realloc)
/usr/lib/gcc/arm-none-eabi/10.3.1/../../../arm-none-eabi/lib/thumb/v6-m/nofp/libg.a(lib_a-reallocr.o)
                              /usr/lib/gcc/arm-none-eabi/10.3.1/../../../arm-none-eabi/lib/thumb/v6-m/nofp/libg.a(lib_a-realloc.o) (_realloc_r)
/usr/lib/gcc/arm-none-eabi/10.3.1/../../../arm-none-eabi/lib/thumb/v6-m/nofp/libg.a(lib_a-sbrkr.o)
                              /usr/lib/gcc/arm-none-eabi/10.3.1/../../../arm-none-eabi/lib/thumb/v6-m/nofp/libg.a(lib_a-mallocr.o) (_sbrk_r)
/usr/lib/gcc/arm-none-eabi/10.3.1/../../../arm-none-eabi/lib/thumb/v6-m/nofp/libg.a(lib_a-strlen-stub.o)
                              CMakeFiles/blink.dir/home/patrick/projects/pico/pico-sdk/src/rp2_common/pico_stdio/stdio.c.obj (strlen)
/usr/lib/gcc/arm-none-eabi/10.3.1/../../../arm-none-eabi/lib/thumb/v6-m/nofp/libg.a(lib_a-tzcalc_limits.o)
                              /usr/lib/gcc/arm-none-eabi/10.3.1/../../../arm-none-eabi/lib/thumb/v6-m/nofp/libg.a(lib_a-lcltime_r.o) (__tzcalc_limits)
/usr/lib/gcc/arm-none-eabi/10.3.1/../../../arm-none-eabi/lib/thumb/v6-m/nofp/libg.a(lib_a-tzlock.o)
[...]
Memory Configuration

Name             Origin             Length             Attributes
FLASH            0x0000000010000000 0x0000000000200000 xr
RAM              0x0000000020000000 0x0000000000040000 xrw
SCRATCH_X        0x0000000020040000 0x0000000000001000 xrw
SCRATCH_Y        0x0000000020041000 0x0000000000001000 xrw
*default*        0x0000000000000000 0xffffffffffffffff

Linker script and memory map

LOAD /usr/lib/gcc/arm-none-eabi/10.3.1/thumb/v6-m/nofp/crti.o
LOAD /usr/lib/gcc/arm-none-eabi/10.3.1/thumb/v6-m/nofp/crtbegin.o
LOAD /usr/lib/gcc/arm-none-eabi/10.3.1/../../../arm-none-eabi/lib/thumb/v6-m/nofp/crt0.o

.flash_begin    0x0000000010000000        0x0
                0x0000000010000000                __flash_binary_start = .

.boot2          0x0000000010000000      0x100
                0x0000000010000000                __boot2_start__ = .
 *(.boot2)
 .boot2         0x0000000010000000      0x100 /tmp/ccVE7l1e.o
                0x0000000010000100                __boot2_end__ = .
                0x0000000000000001                ASSERT (((__boot2_end__ - __boot2_start__) == 0x100), ERROR: Pico second stage bootloader must be 256 bytes in size)

.text           0x0000000010000100     0x83fc
                0x0000000010000100                __logical_binary_start = .
 *(.vectors)
 .vectors       0x0000000010000100       0xd4 CMakeFiles/blink.dir/home/patrick/projects/pico/pico-sdk/src/rp2_common/pico_crt0/crt0.S.obj
                0x0000000010000100                __vectors
                0x0000000010000100                __VECTOR_TABLE
                0x00000000100001c0                isr_invalid
                0x00000000100001c0                __default_isrs_start
                0x00000000100001c2                isr_nmi
                0x00000000100001c4                isr_hardfault
                0x00000000100001c6                isr_svcall
                0x00000000100001c8                isr_pendsv
                0x00000000100001ca                isr_systick
                0x00000000100001cc                isr_irq30
                0x00000000100001cc                __unhandled_user_irq
                0x00000000100001cc                isr_irq13
                0x00000000100001cc                isr_irq27
                0x00000000100001cc                isr_irq31
                0x00000000100001cc                isr_irq5
                0x00000000100001cc                isr_irq11
                0x00000000100001cc                isr_irq23
                0x00000000100001cc                isr_irq18
                0x00000000100001cc                isr_irq28
                0x00000000100001cc                isr_irq19
                0x00000000100001cc                isr_irq0
                0x00000000100001cc                isr_irq6
                0x00000000100001cc                isr_irq22
                0x00000000100001cc                isr_irq17
                0x00000000100001cc                isr_irq14
                0x00000000100001cc                isr_irq2
                0x00000000100001cc                isr_irq10
                0x00000000100001cc                isr_irq8
                0x00000000100001cc                isr_irq24
                0x00000000100001cc                isr_irq1
                0x00000000100001cc                isr_irq7
                0x00000000100001cc                isr_irq21
                0x00000000100001cc                isr_irq20
                0x00000000100001cc                isr_irq15
                0x00000000100001cc                isr_irq25
                0x00000000100001cc                isr_irq4
                0x00000000100001cc                isr_irq16
                0x00000000100001cc                isr_irq29
                0x00000000100001cc                isr_irq26
                0x00000000100001cc                __default_isrs_end
                0x00000000100001cc                isr_irq3
                0x00000000100001cc                isr_irq12
                0x00000000100001cc                isr_irq9
                0x00000000100001d2                unhandled_user_irq_num_in_r0
 *(.binary_info_header)
 .binary_info_header
                0x00000000100001d4       0x14 CMakeFiles/blink.dir/home/patrick/projects/pico/pico-sdk/src/rp2_common/pico_crt0/crt0.S.obj
                0x00000000100001e8                __binary_info_header_end = .
 *(.embedded_block)
                0x00000000100001e8                __embedded_block_end = .
 *(.reset)
 .reset         0x00000000100001e8       0x9c CMakeFiles/blink.dir/home/patrick/projects/pico/pico-sdk/src/rp2_common/pico_crt0/crt0.S.obj
                0x00000000100001e8                _entry_point
 *(.init)
 .init          0x0000000010000284        0x4 /usr/lib/gcc/arm-none-eabi/10.3.1/thumb/v6-m/nofp/crti.o
                0x0000000010000284                _init
 *(EXCLUDE_FILE(*libm.a: *libc.a:*lib_a-mem*.o *libgcc.a:) .text*)
 .text          0x0000000010000288       0x98 /usr/lib/gcc/arm-none-eabi/10.3.1/thumb/v6-m/nofp/crtbegin.o
 .text.handle_interupt
                0x0000000010000320       0x14 CMakeFiles/blink.dir/main.c.obj
                0x0000000010000320                handle_interupt
 .text.handle_button_alarm
                0x0000000010000334       0x2c CMakeFiles/blink.dir/main.c.obj
                0x0000000010000334                handle_button_alarm
 .text.onchange.0
                0x0000000010000360       0x7c CMakeFiles/blink.dir/main.c.obj
 .text.handle_button_interrupt
                0x00000000100003dc       0x48 CMakeFiles/blink.dir/main.c.obj
                0x00000000100003dc                handle_button_interrupt
 .text.create_button
                0x0000000010000424       0x68 CMakeFiles/blink.dir/main.c.obj
                0x0000000010000424                create_button
 .text.blink_program_init
                0x000000001000048c       0xb8 CMakeFiles/blink.dir/main.c.obj
                0x000000001000048c                blink_program_init
 .text.startup.main
                0x0000000010000544      0x244 CMakeFiles/blink.dir/main.c.obj
                0x0000000010000544                main
 .text.ssd1306_draw_char_with_font.part.0
                0x0000000010000788      0x148 CMakeFiles/blink.dir/ssd1306.c.obj
 .text.ssd1306_init
                0x00000000100008d0      0x14c CMakeFiles/blink.dir/ssd1306.c.obj
                0x00000000100008d0                ssd1306_init
 .text.ssd1306_clear
                0x0000000010000a1c       0x10 CMakeFiles/blink.dir/ssd1306.c.obj
                0x0000000010000a1c                ssd1306_clear
 .text.ssd1306_draw_string
                0x0000000010000a2c       0x68 CMakeFiles/blink.dir/ssd1306.c.obj
                0x0000000010000a2c                ssd1306_draw_string
 .text.ssd1306_show
                0x0000000010000a94       0xd0 CMakeFiles/blink.dir/ssd1306.c.obj
                0x0000000010000a94                ssd1306_show
 .text.gpio_default_irq_handler
                0x0000000010000b64      0x270 CMakeFiles/blink.dir/home/patrick/projects/pico/pico-sdk/src/rp2_common/hardware_gpio/gpio.c.obj
 .text.gpio_set_function
                0x0000000010000dd4       0x34 CMakeFiles/blink.dir/home/patrick/projects/pico/pico-sdk/src/rp2_common/hardware_gpio/gpio.c.obj
                0x0000000010000dd4                gpio_set_function
 .text.gpio_set_pulls
                0x0000000010000e08       0x34 CMakeFiles/blink.dir/home/patrick/projects/pico/pico-sdk/src/rp2_common/hardware_gpio/gpio.c.obj
                0x0000000010000e08                gpio_set_pulls
 .text.gpio_set_irq_enabled_with_callback
                0x0000000010000e3c       0xd0 CMakeFiles/blink.dir/home/patrick/projects/pico/pico-sdk/src/rp2_common/hardware_gpio/gpio.c.obj
                0x0000000010000e3c                gpio_set_irq_enabled_with_callback
 .text.gpio_init
                0x0000000010000f0c       0x40 CMakeFiles/blink.dir/home/patrick/projects/pico/pico-sdk/src/rp2_common/hardware_gpio/gpio.c.obj
                0x0000000010000f0c                gpio_init
 .text.rp2040_chip_version
                0x0000000010000f4c        0xc CMakeFiles/blink.dir/home/patrick/projects/pico/pico-sdk/src/rp2040/pico_platform/platform.c.obj
                0x0000000010000f4c                rp2040_chip_version
 .text.panic    0x0000000010000f58       0x30 CMakeFiles/blink.dir/home/patrick/projects/pico/pico-sdk/src/rp2_common/pico_platform_panic/panic.c.obj
                0x0000000010000f58                panic
 .text.hw_claim_lock
                0x0000000010000f88       0x18 CMakeFiles/blink.dir/home/patrick/projects/pico/pico-sdk/src/common/hardware_claim/claim.c.obj
                0x0000000010000f88                hw_claim_lock
 .text.hw_claim_unlock
                0x0000000010000fa0       0x14 CMakeFiles/blink.dir/home/patrick/projects/pico/pico-sdk/src/common/hardware_claim/claim.c.obj
                0x0000000010000fa0                hw_claim_unlock
 .text.hw_claim_or_assert
                0x0000000010000fb4       0x44 CMakeFiles/blink.dir/home/patrick/projects/pico/pico-sdk/src/common/hardware_claim/claim.c.obj
                0x0000000010000fb4                hw_claim_or_assert
 .text.hw_claim_unused_from_range
                0x0000000010000ff8       0x9c CMakeFiles/blink.dir/home/patrick/projects/pico/pico-sdk/src/common/hardware_claim/claim.c.obj
                0x0000000010000ff8                hw_claim_unused_from_range
 .text.next_striped_spin_lock_num
                0x0000000010001094       0x18 CMakeFiles/blink.dir/home/patrick/projects/pico/pico-sdk/src/rp2_common/hardware_sync/sync.c.obj
                0x0000000010001094                next_striped_spin_lock_num
 .text.spin_lock_claim_unused
                0x00000000100010ac       0x20 CMakeFiles/blink.dir/home/patrick/projects/pico/pico-sdk/src/rp2_common/hardware_sync/sync.c.obj
                0x00000000100010ac                spin_lock_claim_unused
 .text.spin_locks_reset
                0x00000000100010cc       0x1c CMakeFiles/blink.dir/home/patrick/projects/pico/pico-sdk/src/rp2_common/hardware_sync_spin_lock/sync_spin_lock.c.obj
                0x00000000100010cc                spin_locks_reset
 .text.runtime_init_per_core_irq_priorities
                0x00000000100010e8       0x24 CMakeFiles/blink.dir/home/patrick/projects/pico/pico-sdk/src/rp2_common/hardware_irq/irq.c.obj
                0x00000000100010e8                runtime_init_per_core_irq_priorities
 .text.irq_set_enabled
                0x000000001000110c       0x24 CMakeFiles/blink.dir/home/patrick/projects/pico/pico-sdk/src/rp2_common/hardware_irq/irq.c.obj
                0x000000001000110c                irq_set_enabled
 .text.irq_is_enabled
                0x0000000010001130       0x18 CMakeFiles/blink.dir/home/patrick/projects/pico/pico-sdk/src/rp2_common/hardware_irq/irq.c.obj
                0x0000000010001130                irq_is_enabled
 .text.irq_set_pending
                0x0000000010001148       0x10 CMakeFiles/blink.dir/home/patrick/projects/pico/pico-sdk/src/rp2_common/hardware_irq/irq.c.obj
                0x0000000010001148                irq_set_pending
 .text.irq_has_shared_handler
                0x0000000010001158       0x2c CMakeFiles/blink.dir/home/patrick/projects/pico/pico-sdk/src/rp2_common/hardware_irq/irq.c.obj
                0x0000000010001158                irq_has_shared_handler
 .text.irq_set_exclusive_handler
                0x0000000010001184       0x54 CMakeFiles/blink.dir/home/patrick/projects/pico/pico-sdk/src/rp2_common/hardware_irq/irq.c.obj
                0x0000000010001184                irq_set_exclusive_handler
 .text.irq_add_shared_handler
                0x00000000100011d8      0x1e8 CMakeFiles/blink.dir/home/patrick/projects/pico/pico-sdk/src/rp2_common/hardware_irq/irq.c.obj
                0x00000000100011d8                irq_add_shared_handler
 .text.irq_remove_handler
                0x00000000100013c0      0x1c4 CMakeFiles/blink.dir/home/patrick/projects/pico/pico-sdk/src/rp2_common/hardware_irq/irq.c.obj
                0x00000000100013c0                irq_remove_handler
 .text.irq_add_tail_to_free_list
                0x0000000010001584       0xb4 CMakeFiles/blink.dir/home/patrick/projects/pico/pico-sdk/src/rp2_common/hardware_irq/irq.c.obj
                0x0000000010001584                irq_add_tail_to_free_list
 .text.user_irq_claim_unused
                0x0000000010001638       0x28 CMakeFiles/blink.dir/home/patrick/projects/pico/pico-sdk/src/rp2_common/hardware_irq/irq.c.obj
                0x0000000010001638                user_irq_claim_unused
 .text.lock_init
                0x0000000010001660       0x10 CMakeFiles/blink.dir/home/patrick/projects/pico/pico-sdk/src/common/pico_sync/lock_core.c.obj
                0x0000000010001660                lock_init
 .text.runtime_init_mutex
                0x0000000010001670       0x58 CMakeFiles/blink.dir/home/patrick/projects/pico/pico-sdk/src/common/pico_sync/mutex.c.obj
                0x0000000010001670                runtime_init_mutex
 .text.mutex_init
                0x00000000100016c8       0x1c CMakeFiles/blink.dir/home/patrick/projects/pico/pico-sdk/src/common/pico_sync/mutex.c.obj
                0x00000000100016c8                mutex_init
 .text.critical_section_init
                0x00000000100016e4       0x20 CMakeFiles/blink.dir/home/patrick/projects/pico/pico-sdk/src/common/pico_sync/critical_section.c.obj
                0x00000000100016e4                critical_section_init
 .text.critical_section_init_with_lock_num
                0x0000000010001704       0x14 CMakeFiles/blink.dir/home/patrick/projects/pico/pico-sdk/src/common/pico_sync/critical_section.c.obj
                0x0000000010001704                critical_section_init_with_lock_num
 .text.sleep_until_callback
                0x0000000010001718       0x30 CMakeFiles/blink.dir/home/patrick/projects/pico/pico-sdk/src/common/pico_time/time.c.obj
 .text.alarm_pool_irq_handler
                0x0000000010001748      0x2e4 CMakeFiles/blink.dir/home/patrick/projects/pico/pico-sdk/src/common/pico_time/time.c.obj
 .text.runtime_init_default_alarm_pool
                0x0000000010001a2c       0xdc CMakeFiles/blink.dir/home/patrick/projects/pico/pico-sdk/src/common/pico_time/time.c.obj
                0x0000000010001a2c                runtime_init_default_alarm_pool
 .text.alarm_pool_get_default
                0x0000000010001b08        0x8 CMakeFiles/blink.dir/home/patrick/projects/pico/pico-sdk/src/common/pico_time/time.c.obj
                0x0000000010001b08                alarm_pool_get_default
 .text.alarm_pool_add_alarm_at
                0x0000000010001b10       0xc8 CMakeFiles/blink.dir/home/patrick/projects/pico/pico-sdk/src/common/pico_time/time.c.obj
                0x0000000010001b10                alarm_pool_add_alarm_at
 .text.alarm_pool_add_alarm_at_force_in_context
                0x0000000010001bd8       0xb0 CMakeFiles/blink.dir/home/patrick/projects/pico/pico-sdk/src/common/pico_time/time.c.obj
                0x0000000010001bd8                alarm_pool_add_alarm_at_force_in_context
 .text.alarm_pool_cancel_alarm
                0x0000000010001c88       0x7c CMakeFiles/blink.dir/home/patrick/projects/pico/pico-sdk/src/common/pico_time/time.c.obj
                0x0000000010001c88                alarm_pool_cancel_alarm
 .text.alarm_pool_core_num
                0x0000000010001d04        0x4 CMakeFiles/blink.dir/home/patrick/projects/pico/pico-sdk/src/common/pico_time/time.c.obj
                0x0000000010001d04                alarm_pool_core_num
 .text.sleep_until
                0x0000000010001d08       0xd0 CMakeFiles/blink.dir/home/patrick/projects/pico/pico-sdk/src/common/pico_time/time.c.obj
                0x0000000010001d08                sleep_until
 .text.sleep_us
                0x0000000010001dd8       0x24 CMakeFiles/blink.dir/home/patrick/projects/pico/pico-sdk/src/common/pico_time/time.c.obj
                0x0000000010001dd8                sleep_us
 .text.best_effort_wfe_or_timeout
                0x0000000010001dfc      0x11c CMakeFiles/blink.dir/home/patrick/projects/pico/pico-sdk/src/common/pico_time/time.c.obj
                0x0000000010001dfc                best_effort_wfe_or_timeout
 .text.timer_hardware_alarm_claim
                0x0000000010001f18       0x14 CMakeFiles/blink.dir/home/patrick/projects/pico/pico-sdk/src/rp2_common/hardware_timer/timer.c.obj
                0x0000000010001f18                timer_hardware_alarm_claim
 .text.timer_time_us_64
                0x0000000010001f2c       0x10 CMakeFiles/blink.dir/home/patrick/projects/pico/pico-sdk/src/rp2_common/hardware_timer/timer.c.obj
                0x0000000010001f2c                timer_time_us_64
 .text.time_us_64
                0x0000000010001f3c       0x14 CMakeFiles/blink.dir/home/patrick/projects/pico/pico-sdk/src/rp2_common/hardware_timer/timer.c.obj
                0x0000000010001f3c                time_us_64
 .text.busy_wait_us
                0x0000000010001f50       0x54 CMakeFiles/blink.dir/home/patrick/projects/pico/pico-sdk/src/rp2_common/hardware_timer/timer.c.obj
                0x0000000010001f50                busy_wait_us
 .text.busy_wait_until
                0x0000000010001fa4       0x20 CMakeFiles/blink.dir/home/patrick/projects/pico/pico-sdk/src/rp2_common/hardware_timer/timer.c.obj
                0x0000000010001fa4                busy_wait_until
 .text.uart_init
                0x0000000010001fc4      0x11c CMakeFiles/blink.dir/home/patrick/projects/pico/pico-sdk/src/rp2_common/hardware_uart/uart.c.obj
                0x0000000010001fc4                uart_init
 .text.clock_configure_int_divider
                0x00000000100020e0       0xf4 CMakeFiles/blink.dir/home/patrick/projects/pico/pico-sdk/src/rp2_common/hardware_clocks/clocks.c.obj
                0x00000000100020e0                clock_configure_int_divider
 .text.clock_configure_undivided
                0x00000000100021d4       0xe8 CMakeFiles/blink.dir/home/patrick/projects/pico/pico-sdk/src/rp2_common/hardware_clocks/clocks.c.obj
                0x00000000100021d4                clock_configure_undivided
 .text.clock_get_hz
                0x00000000100022bc        0xc CMakeFiles/blink.dir/home/patrick/projects/pico/pico-sdk/src/rp2_common/hardware_clocks/clocks.c.obj
                0x00000000100022bc                clock_get_hz
 .text.pll_init
                0x00000000100022c8       0xa0 CMakeFiles/blink.dir/home/patrick/projects/pico/pico-sdk/src/rp2_common/hardware_pll/pll.c.obj
                0x00000000100022c8                pll_init
 .text.watchdog_reboot
                0x0000000010002368       0x98 CMakeFiles/blink.dir/home/patrick/projects/pico/pico-sdk/src/rp2_common/hardware_watchdog/watchdog.c.obj
                0x0000000010002368                watchdog_reboot
 .text.tick_start
                0x0000000010002400       0x10 CMakeFiles/blink.dir/home/patrick/projects/pico/pico-sdk/src/rp2_common/hardware_ticks/ticks.c.obj
                0x0000000010002400                tick_start
 .text.xosc_init
                0x0000000010002410       0x28 CMakeFiles/blink.dir/home/patrick/projects/pico/pico-sdk/src/rp2_common/hardware_xosc/xosc.c.obj
                0x0000000010002410                xosc_init
 .text.first_per_core_initializer
                0x0000000010002438        0x4 CMakeFiles/blink.dir/home/patrick/projects/pico/pico-sdk/src/rp2_common/pico_runtime/runtime.c.obj
 .text.hard_assertion_failure
                0x000000001000243c        0xc CMakeFiles/blink.dir/home/patrick/projects/pico/pico-sdk/src/rp2_common/pico_runtime/runtime.c.obj
                0x000000001000243c                hard_assertion_failure
 .text.runtime_run_initializers
                0x0000000010002448       0x28 CMakeFiles/blink.dir/home/patrick/projects/pico/pico-sdk/src/rp2_common/pico_runtime/runtime.c.obj
                0x0000000010002448                runtime_run_initializers
 .text.runtime_init_early_resets
                0x0000000010002470       0x2c CMakeFiles/blink.dir/home/patrick/projects/pico/pico-sdk/src/rp2_common/pico_runtime_init/runtime_init.c.obj
                0x0000000010002470                runtime_init_early_resets
 .text.runtime_init_usb_power_down
                0x000000001000249c       0x1c CMakeFiles/blink.dir/home/patrick/projects/pico/pico-sdk/src/rp2_common/pico_runtime_init/runtime_init.c.obj
                0x000000001000249c                runtime_init_usb_power_down
 .text.runtime_init_post_clock_resets
                0x00000000100024b8       0x20 CMakeFiles/blink.dir/home/patrick/projects/pico/pico-sdk/src/rp2_common/pico_runtime_init/runtime_init.c.obj
                0x00000000100024b8                runtime_init_post_clock_resets
 .text.runtime_init_rp2040_gpio_ie_disable
                0x00000000100024d8       0x14 CMakeFiles/blink.dir/home/patrick/projects/pico/pico-sdk/src/rp2_common/pico_runtime_init/runtime_init.c.obj
                0x00000000100024d8                runtime_init_rp2040_gpio_ie_disable
 .text.runtime_init_spin_locks_reset
                0x00000000100024ec        0x8 CMakeFiles/blink.dir/home/patrick/projects/pico/pico-sdk/src/rp2_common/pico_runtime_init/runtime_init.c.obj
                0x00000000100024ec                runtime_init_spin_locks_reset
 .text.runtime_init_install_ram_vector_table
                0x00000000100024f4       0x1c CMakeFiles/blink.dir/home/patrick/projects/pico/pico-sdk/src/rp2_common/pico_runtime_init/runtime_init.c.obj
                0x00000000100024f4                runtime_init_install_ram_vector_table
 .text.runtime_init_clocks
                0x0000000010002510       0xd8 CMakeFiles/blink.dir/home/patrick/projects/pico/pico-sdk/src/rp2_common/pico_runtime_init/runtime_init_clocks.c.obj
                0x0000000010002510                runtime_init_clocks
 .text          0x00000000100025e8       0x10 CMakeFiles/blink.dir/home/patrick/projects/pico/pico-sdk/src/rp2_common/pico_bit_ops/bit_ops_aeabi.S.obj
 .text.rom_func_lookup
                0x00000000100025f8       0x10 CMakeFiles/blink.dir/home/patrick/projects/pico/pico-sdk/src/rp2_common/pico_bootrom/bootrom.c.obj
                0x00000000100025f8                rom_func_lookup
 .text.rom_data_lookup
                0x0000000010002608       0x10 CMakeFiles/blink.dir/home/patrick/projects/pico/pico-sdk/src/rp2_common/pico_bootrom/bootrom.c.obj
                0x0000000010002608                rom_data_lookup
 .text.rom_funcs_lookup
                0x0000000010002618       0x44 CMakeFiles/blink.dir/home/patrick/projects/pico/pico-sdk/src/rp2_common/pico_bootrom/bootrom.c.obj
                0x0000000010002618                rom_funcs_lookup
 .text.rom_reset_usb_boot
                0x000000001000265c       0x20 CMakeFiles/blink.dir/home/patrick/projects/pico/pico-sdk/src/rp2_common/pico_bootrom/bootrom.c.obj
                0x000000001000265c                rom_reset_usb_boot
 .text.__wrap___aeabi_idiv
                0x000000001000267c       0x50 CMakeFiles/blink.dir/home/patrick/projects/pico/pico-sdk/src/rp2_common/pico_divider/divider_hardware.S.obj
                0x000000001000267c                __wrap___aeabi_idivmod
                0x000000001000267c                divmod_s32s32
                0x000000001000267c                div_s32s32
                0x000000001000267c                __wrap___aeabi_idiv
                0x0000000010002684                divmod_s32s32_unsafe
                0x00000000100026b0                divmod_s32s32_savestate
 .text.__wrap___aeabi_uidiv
                0x00000000100026cc       0x4c CMakeFiles/blink.dir/home/patrick/projects/pico/pico-sdk/src/rp2_common/pico_divider/divider_hardware.S.obj
                0x00000000100026cc                __wrap___aeabi_uidiv
                0x00000000100026cc                __wrap___aeabi_uidivmod
                0x00000000100026cc                div_u32u32
                0x00000000100026cc                divmod_u32u32
                0x00000000100026d4                divmod_u32u32_unsafe
                0x00000000100026fc                divmod_u32u32_savestate
 .text.__wrap___aeabi_ldiv
                0x0000000010002718      0x424 CMakeFiles/blink.dir/home/patrick/projects/pico/pico-sdk/src/rp2_common/pico_divider/divider_hardware.S.obj
                0x0000000010002718                div_s64s64
                0x0000000010002718                divmod_s64s64
                0x0000000010002718                __wrap___aeabi_ldivmod
                0x0000000010002748                div_u64u64
                0x0000000010002748                divmod_u64u64
                0x0000000010002748                __wrap___aeabi_uldivmod
                0x0000000010002758                divmod_u64u64_savestate
                0x0000000010002778                divmod_s64s64_unsafe
                0x0000000010002800                divmod_u64u64_unsafe
 .text.__wrap___aeabi_darithmetic
                0x0000000010002b3c       0x80 CMakeFiles/blink.dir/home/patrick/projects/pico/pico-sdk/src/rp2_common/pico_double/double_aeabi_rp2040.S.obj
                0x0000000010002b3c                __wrap___aeabi_drsub
                0x0000000010002b42                __wrap___aeabi_dsub
                0x0000000010002b54                __wrap___aeabi_dadd
                0x0000000010002b66                __wrap___aeabi_ddiv
                0x0000000010002ba2                __wrap___aeabi_dmul
 .text.__wrap___aeabi_cdcmple
                0x0000000010002bbc       0x6c CMakeFiles/blink.dir/home/patrick/projects/pico/pico-sdk/src/rp2_common/pico_double/double_aeabi_rp2040.S.obj
                0x0000000010002bbc                __wrap___aeabi_cdrcmple
                0x0000000010002bcc                __wrap___aeabi_cdcmple
                0x0000000010002bcc                __wrap___aeabi_cdcmpeq
 .text.__wrap___aeabi_dcmplt
                0x0000000010002c28        0xc CMakeFiles/blink.dir/home/patrick/projects/pico/pico-sdk/src/rp2_common/pico_double/double_aeabi_rp2040.S.obj
                0x0000000010002c28                __wrap___aeabi_dcmplt
 .text.__wrap___aeabi_dcmple
                0x0000000010002c34       0x10 CMakeFiles/blink.dir/home/patrick/projects/pico/pico-sdk/src/rp2_common/pico_double/double_aeabi_rp2040.S.obj
                0x0000000010002c34                __wrap___aeabi_dcmple
 .text.__wrap___aeabi_dcmpge
                0x0000000010002c44       0x10 CMakeFiles/blink.dir/home/patrick/projects/pico/pico-sdk/src/rp2_common/pico_double/double_aeabi_rp2040.S.obj
                0x0000000010002c44                __wrap___aeabi_dcmpge
 .text.__wrap___aeabi_dcmpgt
                0x0000000010002c54        0xa CMakeFiles/blink.dir/home/patrick/projects/pico/pico-sdk/src/rp2_common/pico_double/double_aeabi_rp2040.S.obj
                0x0000000010002c54                __wrap___aeabi_dcmpgt
 .text.__wrap___aeabi_dcmpun
                0x0000000010002c5e       0x18 CMakeFiles/blink.dir/home/patrick/projects/pico/pico-sdk/src/rp2_common/pico_double/double_aeabi_rp2040.S.obj
                0x0000000010002c5e                __wrap___aeabi_dcmpun
 *fill*         0x0000000010002c76        0x2 
 .text.__wrap___aeabi_i2d
                0x0000000010002c78       0x38 CMakeFiles/blink.dir/home/patrick/projects/pico/pico-sdk/src/rp2_common/pico_double/double_aeabi_rp2040.S.obj
                0x0000000010002c78                __wrap___aeabi_ui2d
                0x0000000010002c80                __wrap___aeabi_i2d
 .text.__wrap___aeabi_d2iz
                0x0000000010002cb0       0x48 CMakeFiles/blink.dir/home/patrick/projects/pico/pico-sdk/src/rp2_common/pico_double/double_aeabi_rp2040.S.obj
                0x0000000010002cb0                __wrap___aeabi_d2iz
                0x0000000010002cb0                double2int_z
 .text.__wrap___aeabi_d2uiz
                0x0000000010002cf8       0x18 CMakeFiles/blink.dir/home/patrick/projects/pico/pico-sdk/src/rp2_common/pico_double/double_aeabi_rp2040.S.obj
                0x0000000010002cf8                double2uint
                0x0000000010002cf8                __wrap___aeabi_d2uiz
 .text.__aeabi_double_init
                0x0000000010002d10       0xa0 CMakeFiles/blink.dir/home/patrick/projects/pico/pico-sdk/src/rp2_common/pico_double/double_init_rom_rp2040.c.obj
                0x0000000010002d10                __aeabi_double_init
 .text.double_table_shim_on_use_helper
                0x0000000010002db0       0x2c CMakeFiles/blink.dir/home/patrick/projects/pico/pico-sdk/src/rp2_common/pico_double/double_v1_rom_shim_rp2040.S.obj
                0x0000000010002db0                double_table_shim_on_use_helper
 .text.__wrap___aeabi_dsub
                0x0000000010002ddc       0x10 CMakeFiles/blink.dir/home/patrick/projects/pico/pico-sdk/src/rp2_common/pico_double/double_v1_rom_shim_rp2040.S.obj
                0x0000000010002ddc                drsub_shim
                0x0000000010002de2                dsub_shim
 .text.dadd_shim
                0x0000000010002dec      0x15c CMakeFiles/blink.dir/home/patrick/projects/pico/pico-sdk/src/rp2_common/pico_double/double_v1_rom_shim_rp2040.S.obj
                0x0000000010002dec                dadd_shim
 .text.dmul_shim
                0x0000000010002f48      0x15c CMakeFiles/blink.dir/home/patrick/projects/pico/pico-sdk/src/rp2_common/pico_double/double_v1_rom_shim_rp2040.S.obj
                0x0000000010002f48                dmul_shim
 .text.ddiv_shim
                0x00000000100030a4      0x1b0 CMakeFiles/blink.dir/home/patrick/projects/pico/pico-sdk/src/rp2_common/pico_double/double_v1_rom_shim_rp2040.S.obj
                0x00000000100030a4                ddiv_shim
 .text.double2uint_shim
                0x0000000010003254        0xe CMakeFiles/blink.dir/home/patrick/projects/pico/pico-sdk/src/rp2_common/pico_double/double_v1_rom_shim_rp2040.S.obj
                0x0000000010003254                double2uint_shim
                0x0000000010003256                double2ufix_shim
 *fill*         0x0000000010003262        0x2 
 .text.double2uint64_shim
                0x0000000010003264       0x70 CMakeFiles/blink.dir/home/patrick/projects/pico/pico-sdk/src/rp2_common/pico_double/double_v1_rom_shim_rp2040.S.obj
                0x0000000010003264                double2uint64_shim
                0x0000000010003266                double2ufix64_shim
                0x0000000010003286                d2fix_a
 .text.dunpacks
                0x00000000100032d4       0x3c CMakeFiles/blink.dir/home/patrick/projects/pico/pico-sdk/src/rp2_common/pico_double/double_v1_rom_shim_rp2040.S.obj
                0x00000000100032d4                dunpacks
 .text.__aeabi_lmul
                0x0000000010003310       0x32 CMakeFiles/blink.dir/home/patrick/projects/pico/pico-sdk/src/rp2_common/pico_int64_ops/pico_int64_ops_aeabi.S.obj
                0x0000000010003310                __wrap___aeabi_lmul
 *fill*         0x0000000010003342        0x2 
 .text.__wrap___aeabi_farithmetic
                0x0000000010003344       0x48 CMakeFiles/blink.dir/home/patrick/projects/pico/pico-sdk/src/rp2_common/pico_float/float_aeabi_rp2040.S.obj
                0x0000000010003344                __wrap___aeabi_frsub
                0x000000001000334a                __wrap___aeabi_fsub
                0x0000000010003350                __wrap___aeabi_fadd
                0x0000000010003356                __wrap___aeabi_fdiv
                0x000000001000337e                __wrap___aeabi_fmul
 .text.__wrap___aeabi_ui2f
                0x000000001000338c        0xa CMakeFiles/blink.dir/home/patrick/projects/pico/pico-sdk/src/rp2_common/pico_float/float_aeabi_rp2040.S.obj
                0x000000001000338c                uint2float
                0x000000001000338c                __wrap___aeabi_ui2f
 *fill*         0x0000000010003396        0x2 
 .text.__wrap___aeabi_i2f
                0x0000000010003398       0x44 CMakeFiles/blink.dir/home/patrick/projects/pico/pico-sdk/src/rp2_common/pico_float/float_aeabi_rp2040.S.obj
                0x0000000010003398                int2float
                0x0000000010003398                __wrap___aeabi_i2f
 .text.__aeabi_float_init
                0x00000000100033dc       0x64 CMakeFiles/blink.dir/home/patrick/projects/pico/pico-sdk/src/rp2_common/pico_float/float_init_rom_rp2040.c.obj
                0x00000000100033dc                __aeabi_float_init
 .text.float_table_shim_on_use_helper
                0x0000000010003440       0x2c CMakeFiles/blink.dir/home/patrick/projects/pico/pico-sdk/src/rp2_common/pico_float/float_v1_rom_shim_rp2040.S.obj
                0x0000000010003440                float_table_shim_on_use_helper
 .text.__wrap_malloc
                0x000000001000346c       0x3c CMakeFiles/blink.dir/home/patrick/projects/pico/pico-sdk/src/rp2_common/pico_malloc/malloc.c.obj
                0x000000001000346c                __wrap_malloc
 .text          0x00000000100034a8       0x10 CMakeFiles/blink.dir/home/patrick/projects/pico/pico-sdk/src/rp2_common/pico_mem_ops/mem_ops_aeabi.S.obj
                0x00000000100034a8                __aeabi_mem_init
 .text.memset   0x00000000100034b8        0xc CMakeFiles/blink.dir/home/patrick/projects/pico/pico-sdk/src/rp2_common/pico_mem_ops/mem_ops_aeabi.S.obj
                0x00000000100034b8                __wrap_memset
 .text.memcpy   0x00000000100034c4        0xc CMakeFiles/blink.dir/home/patrick/projects/pico/pico-sdk/src/rp2_common/pico_mem_ops/mem_ops_aeabi.S.obj
                0x00000000100034c4                __wrap___aeabi_memcpy
                0x00000000100034c4                __wrap_memcpy
 .text._out_buffer
                0x00000000100034d0        0x8 CMakeFiles/blink.dir/home/patrick/projects/pico/pico-sdk/src/rp2_common/pico_printf/printf.c.obj
 .text._out_null
                0x00000000100034d8        0x4 CMakeFiles/blink.dir/home/patrick/projects/pico/pico-sdk/src/rp2_common/pico_printf/printf.c.obj
 .text._out_rev
                0x00000000100034dc       0x9c CMakeFiles/blink.dir/home/patrick/projects/pico/pico-sdk/src/rp2_common/pico_printf/printf.c.obj
 .text._ntoa_format
                0x0000000010003578      0x1cc CMakeFiles/blink.dir/home/patrick/projects/pico/pico-sdk/src/rp2_common/pico_printf/printf.c.obj
 .text._out_char
                0x0000000010003744       0x10 CMakeFiles/blink.dir/home/patrick/projects/pico/pico-sdk/src/rp2_common/pico_printf/printf.c.obj
 .text._out_fct
                0x0000000010003754       0x10 CMakeFiles/blink.dir/home/patrick/projects/pico/pico-sdk/src/rp2_common/pico_printf/printf.c.obj
 .text._etoa    0x0000000010003764      0x44c CMakeFiles/blink.dir/home/patrick/projects/pico/pico-sdk/src/rp2_common/pico_printf/printf.c.obj
 .text._ftoa    0x0000000010003bb0      0x398 CMakeFiles/blink.dir/home/patrick/projects/pico/pico-sdk/src/rp2_common/pico_printf/printf.c.obj
 .text._vsnprintf
                0x0000000010003f48      0xb04 CMakeFiles/blink.dir/home/patrick/projects/pico/pico-sdk/src/rp2_common/pico_printf/printf.c.obj
 .text.__wrap_sprintf
                0x0000000010004a4c       0x28 CMakeFiles/blink.dir/home/patrick/projects/pico/pico-sdk/src/rp2_common/pico_printf/printf.c.obj
                0x0000000010004a4c                __wrap_sprintf
 .text.vfctprintf
                0x0000000010004a74       0x20 CMakeFiles/blink.dir/home/patrick/projects/pico/pico-sdk/src/rp2_common/pico_printf/printf.c.obj
                0x0000000010004a74                vfctprintf
 .text.weak_raw_vprintf
                0x0000000010004a94       0x30 CMakeFiles/blink.dir/home/patrick/projects/pico/pico-sdk/src/rp2_common/pico_printf/printf.c.obj
                0x0000000010004a94                weak_raw_vprintf
 .text._exit    0x0000000010004ac4        0x4 CMakeFiles/blink.dir/home/patrick/projects/pico/pico-sdk/src/rp2_common/pico_clib_interface/newlib_interface.c.obj
                0x0000000010004ac4                _exit
 .text._sbrk    0x0000000010004ac8       0x34 CMakeFiles/blink.dir/home/patrick/projects/pico/pico-sdk/src/rp2_common/pico_clib_interface/newlib_interface.c.obj
                0x0000000010004ac8                _sbrk
 .text.exit     0x0000000010004afc        0x8 CMakeFiles/blink.dir/home/patrick/projects/pico/pico-sdk/src/rp2_common/pico_clib_interface/newlib_interface.c.obj
                0x0000000010004afc                exit
 .text.runtime_init
                0x0000000010004b04       0x2c CMakeFiles/blink.dir/home/patrick/projects/pico/pico-sdk/src/rp2_common/pico_clib_interface/newlib_interface.c.obj
                0x0000000010004b04                runtime_init
 .text.stdio_out_chars_no_crlf
                0x0000000010004b30       0x10 CMakeFiles/blink.dir/home/patrick/projects/pico/pico-sdk/src/rp2_common/pico_stdio/stdio.c.obj
 .text.stdio_out_chars_crlf
                0x0000000010004b40       0xb4 CMakeFiles/blink.dir/home/patrick/projects/pico/pico-sdk/src/rp2_common/pico_stdio/stdio.c.obj
 .text.stdio_buffered_printer
                0x0000000010004bf4       0x64 CMakeFiles/blink.dir/home/patrick/projects/pico/pico-sdk/src/rp2_common/pico_stdio/stdio.c.obj
 .text.stdio_put_string
                0x0000000010004c58      0x100 CMakeFiles/blink.dir/home/patrick/projects/pico/pico-sdk/src/rp2_common/pico_stdio/stdio.c.obj
                0x0000000010004c58                stdio_put_string
 .text.stdio_set_driver_enabled
                0x0000000010004d58       0x30 CMakeFiles/blink.dir/home/patrick/projects/pico/pico-sdk/src/rp2_common/pico_stdio/stdio.c.obj
                0x0000000010004d58                stdio_set_driver_enabled
 .text.stdio_init_all
                0x0000000010004d88       0x10 CMakeFiles/blink.dir/home/patrick/projects/pico/pico-sdk/src/rp2_common/pico_stdio/stdio.c.obj
                0x0000000010004d88                stdio_init_all
 .text.__wrap_putchar
                0x0000000010004d98       0x98 CMakeFiles/blink.dir/home/patrick/projects/pico/pico-sdk/src/rp2_common/pico_stdio/stdio.c.obj
                0x0000000010004d98                stdio_putchar
                0x0000000010004d98                __wrap_putchar
 .text.__wrap_puts
                0x0000000010004e30       0x3c CMakeFiles/blink.dir/home/patrick/projects/pico/pico-sdk/src/rp2_common/pico_stdio/stdio.c.obj
                0x0000000010004e30                __wrap_puts
                0x0000000010004e30                stdio_puts
 .text.__wrap_vprintf
                0x0000000010004e6c       0xd8 CMakeFiles/blink.dir/home/patrick/projects/pico/pico-sdk/src/rp2_common/pico_stdio/stdio.c.obj
                0x0000000010004e6c                __wrap_vprintf
                0x0000000010004e6c                stdio_vprintf
 .text.__wrap_printf
                0x0000000010004f44       0x18 CMakeFiles/blink.dir/home/patrick/projects/pico/pico-sdk/src/rp2_common/pico_stdio/stdio.c.obj
                0x0000000010004f44                stdio_printf
                0x0000000010004f44                __wrap_printf
 .text.stdio_uart_out_chars
                0x0000000010004f5c       0x4c CMakeFiles/blink.dir/home/patrick/projects/pico/pico-sdk/src/rp2_common/pico_stdio_uart/stdio_uart.c.obj
 .text.stdio_uart_in_chars
                0x0000000010004fa8       0x84 CMakeFiles/blink.dir/home/patrick/projects/pico/pico-sdk/src/rp2_common/pico_stdio_uart/stdio_uart.c.obj
                0x0000000010004fa8                stdio_uart_in_chars
 .text.on_uart_rx
                0x000000001000502c       0x28 CMakeFiles/blink.dir/home/patrick/projects/pico/pico-sdk/src/rp2_common/pico_stdio_uart/stdio_uart.c.obj
 .text.stdio_uart_out_flush
                0x0000000010005054       0x10 CMakeFiles/blink.dir/home/patrick/projects/pico/pico-sdk/src/rp2_common/pico_stdio_uart/stdio_uart.c.obj
 .text.stdio_uart_set_chars_available_callback
                0x0000000010005064       0x8c CMakeFiles/blink.dir/home/patrick/projects/pico/pico-sdk/src/rp2_common/pico_stdio_uart/stdio_uart.c.obj
 .text.stdio_uart_init
                0x00000000100050f0       0x50 CMakeFiles/blink.dir/home/patrick/projects/pico/pico-sdk/src/rp2_common/pico_stdio_uart/stdio_uart.c.obj
                0x00000000100050f0                stdio_uart_init
 .text.resetd_init
                0x0000000010005140        0x4 CMakeFiles/blink.dir/home/patrick/projects/pico/pico-sdk/src/rp2_common/pico_stdio_usb/reset_interface.c.obj
 .text.resetd_reset
                0x0000000010005144        0xc CMakeFiles/blink.dir/home/patrick/projects/pico/pico-sdk/src/rp2_common/pico_stdio_usb/reset_interface.c.obj
 .text.resetd_open
                0x0000000010005150       0x28 CMakeFiles/blink.dir/home/patrick/projects/pico/pico-sdk/src/rp2_common/pico_stdio_usb/reset_interface.c.obj
 .text.resetd_xfer_cb
                0x0000000010005178        0x4 CMakeFiles/blink.dir/home/patrick/projects/pico/pico-sdk/src/rp2_common/pico_stdio_usb/reset_interface.c.obj
 .text.resetd_control_xfer_cb
                0x000000001000517c       0x54 CMakeFiles/blink.dir/home/patrick/projects/pico/pico-sdk/src/rp2_common/pico_stdio_usb/reset_interface.c.obj
 .text.tud_descriptor_bos_cb
                0x00000000100051d0        0x8 CMakeFiles/blink.dir/home/patrick/projects/pico/pico-sdk/src/rp2_common/pico_stdio_usb/reset_interface.c.obj
                0x00000000100051d0                tud_descriptor_bos_cb
 .text.tud_vendor_control_xfer_cb
                0x00000000100051d8       0x34 CMakeFiles/blink.dir/home/patrick/projects/pico/pico-sdk/src/rp2_common/pico_stdio_usb/reset_interface.c.obj
                0x00000000100051d8                tud_vendor_control_xfer_cb
 .text.usbd_app_driver_get_cb
                0x000000001000520c        0xc CMakeFiles/blink.dir/home/patrick/projects/pico/pico-sdk/src/rp2_common/pico_stdio_usb/reset_interface.c.obj
                0x000000001000520c                usbd_app_driver_get_cb
 .text.tud_cdc_line_coding_cb
                0x0000000010005218       0x28 CMakeFiles/blink.dir/home/patrick/projects/pico/pico-sdk/src/rp2_common/pico_stdio_usb/reset_interface.c.obj
                0x0000000010005218                tud_cdc_line_coding_cb
 .text.stdio_usb_set_chars_available_callback
                0x0000000010005240       0x14 CMakeFiles/blink.dir/home/patrick/projects/pico/pico-sdk/src/rp2_common/pico_stdio_usb/stdio_usb.c.obj
                0x0000000010005240                stdio_usb_set_chars_available_callback
 .text.usb_irq  0x0000000010005254       0x10 CMakeFiles/blink.dir/home/patrick/projects/pico/pico-sdk/src/rp2_common/pico_stdio_usb/stdio_usb.c.obj
 .text.timer_task
                0x0000000010005264       0x64 CMakeFiles/blink.dir/home/patrick/projects/pico/pico-sdk/src/rp2_common/pico_stdio_usb/stdio_usb.c.obj
 .text.stdio_usb_in_chars
                0x00000000100052c8       0x90 CMakeFiles/blink.dir/home/patrick/projects/pico/pico-sdk/src/rp2_common/pico_stdio_usb/stdio_usb.c.obj
                0x00000000100052c8                stdio_usb_in_chars
 .text.stdio_usb_out_flush
                0x0000000010005358       0x50 CMakeFiles/blink.dir/home/patrick/projects/pico/pico-sdk/src/rp2_common/pico_stdio_usb/stdio_usb.c.obj
 .text.stdio_usb_out_chars
                0x00000000100053a8      0x100 CMakeFiles/blink.dir/home/patrick/projects/pico/pico-sdk/src/rp2_common/pico_stdio_usb/stdio_usb.c.obj
 .text.low_priority_worker_irq
                0x00000000100054a8       0xc8 CMakeFiles/blink.dir/home/patrick/projects/pico/pico-sdk/src/rp2_common/pico_stdio_usb/stdio_usb.c.obj
 .text.stdio_usb_init
                0x0000000010005570       0xe4 CMakeFiles/blink.dir/home/patrick/projects/pico/pico-sdk/src/rp2_common/pico_stdio_usb/stdio_usb.c.obj
                0x0000000010005570                stdio_usb_init
 .text.tud_descriptor_device_cb
                0x0000000010005654        0x8 CMakeFiles/blink.dir/home/patrick/projects/pico/pico-sdk/src/rp2_common/pico_stdio_usb/stdio_usb_descriptors.c.obj
                0x0000000010005654                tud_descriptor_device_cb
 .text.tud_descriptor_configuration_cb
                0x000000001000565c        0x8 CMakeFiles/blink.dir/home/patrick/projects/pico/pico-sdk/src/rp2_common/pico_stdio_usb/stdio_usb_descriptors.c.obj
                0x000000001000565c                tud_descriptor_configuration_cb
 .text.tud_descriptor_string_cb
                0x0000000010005664       0x74 CMakeFiles/blink.dir/home/patrick/projects/pico/pico-sdk/src/rp2_common/pico_stdio_usb/stdio_usb_descriptors.c.obj
                0x0000000010005664                tud_descriptor_string_cb
 .text.startup._retrieve_unique_id_on_boot
                0x00000000100056d8       0x10 CMakeFiles/blink.dir/home/patrick/projects/pico/pico-sdk/src/rp2_common/pico_unique_id/unique_id.c.obj
 .text.pico_get_unique_board_id_string
                0x00000000100056e8      0x1a8 CMakeFiles/blink.dir/home/patrick/projects/pico/pico-sdk/src/rp2_common/pico_unique_id/unique_id.c.obj
                0x00000000100056e8                pico_get_unique_board_id_string
 .text.flash_get_unique_id
                0x0000000010005890       0x40 CMakeFiles/blink.dir/home/patrick/projects/pico/pico-sdk/src/rp2_common/hardware_flash/flash.c.obj
                0x0000000010005890                flash_get_unique_id
 .text.dcd_init
                0x00000000100058d0       0x8c CMakeFiles/blink.dir/home/patrick/projects/pico/pico-sdk/lib/tinyusb/src/portable/raspberrypi/rp2040/dcd_rp2040.c.obj
                0x00000000100058d0                dcd_init
 .text.dcd_int_enable
                0x000000001000595c        0xc CMakeFiles/blink.dir/home/patrick/projects/pico/pico-sdk/lib/tinyusb/src/portable/raspberrypi/rp2040/dcd_rp2040.c.obj
                0x000000001000595c                dcd_int_enable
 .text.dcd_set_address
                0x0000000010005968       0x14 CMakeFiles/blink.dir/home/patrick/projects/pico/pico-sdk/lib/tinyusb/src/portable/raspberrypi/rp2040/dcd_rp2040.c.obj
                0x0000000010005968                dcd_set_address
 .text.dcd_sof_enable
                0x000000001000597c       0x1c CMakeFiles/blink.dir/home/patrick/projects/pico/pico-sdk/lib/tinyusb/src/portable/raspberrypi/rp2040/dcd_rp2040.c.obj
                0x000000001000597c                dcd_sof_enable
 .text.dcd_edpt0_status_complete
                0x0000000010005998       0x1c CMakeFiles/blink.dir/home/patrick/projects/pico/pico-sdk/lib/tinyusb/src/portable/raspberrypi/rp2040/dcd_rp2040.c.obj
                0x0000000010005998                dcd_edpt0_status_complete
 .text.dcd_edpt_open
                0x00000000100059b4      0x108 CMakeFiles/blink.dir/home/patrick/projects/pico/pico-sdk/lib/tinyusb/src/portable/raspberrypi/rp2040/dcd_rp2040.c.obj
                0x00000000100059b4                dcd_edpt_open
 .text.dcd_edpt_close_all
                0x0000000010005abc        0x8 CMakeFiles/blink.dir/home/patrick/projects/pico/pico-sdk/lib/tinyusb/src/portable/raspberrypi/rp2040/dcd_rp2040.c.obj
                0x0000000010005abc                dcd_edpt_close_all
 .text.dcd_edpt_xfer
                0x0000000010005ac4       0x24 CMakeFiles/blink.dir/home/patrick/projects/pico/pico-sdk/lib/tinyusb/src/portable/raspberrypi/rp2040/dcd_rp2040.c.obj
                0x0000000010005ac4                dcd_edpt_xfer
 .text.dcd_edpt_stall
                0x0000000010005ae8       0x38 CMakeFiles/blink.dir/home/patrick/projects/pico/pico-sdk/lib/tinyusb/src/portable/raspberrypi/rp2040/dcd_rp2040.c.obj
                0x0000000010005ae8                dcd_edpt_stall
 .text.dcd_edpt_clear_stall
                0x0000000010005b20       0x30 CMakeFiles/blink.dir/home/patrick/projects/pico/pico-sdk/lib/tinyusb/src/portable/raspberrypi/rp2040/dcd_rp2040.c.obj
                0x0000000010005b20                dcd_edpt_clear_stall
 .text.rp2040_usb_init
                0x0000000010005b50       0x40 CMakeFiles/blink.dir/home/patrick/projects/pico/pico-sdk/lib/tinyusb/src/portable/raspberrypi/rp2040/rp2040_usb.c.obj
                0x0000000010005b50                rp2040_usb_init
 .text.hw_endpoint_xfer_start
                0x0000000010005b90       0x50 CMakeFiles/blink.dir/home/patrick/projects/pico/pico-sdk/lib/tinyusb/src/portable/raspberrypi/rp2040/rp2040_usb.c.obj
                0x0000000010005b90                hw_endpoint_xfer_start
 .text.tud_event_hook_cb
                0x0000000010005be0        0x4 CMakeFiles/blink.dir/home/patrick/projects/pico/pico-sdk/lib/tinyusb/src/device/usbd.c.obj
                0x0000000010005be0                tud_event_hook_cb
 .text.tud_sof_cb
                0x0000000010005be4        0x4 CMakeFiles/blink.dir/home/patrick/projects/pico/pico-sdk/lib/tinyusb/src/device/usbd.c.obj
                0x0000000010005be4                tud_sof_cb
 .text.tud_descriptor_device_qualifier_cb
                0x0000000010005be8        0x4 CMakeFiles/blink.dir/home/patrick/projects/pico/pico-sdk/lib/tinyusb/src/device/usbd.c.obj
                0x0000000010005be8                tud_descriptor_device_qualifier_cb
 .text.tud_descriptor_other_speed_configuration_cb
                0x0000000010005bec        0x4 CMakeFiles/blink.dir/home/patrick/projects/pico/pico-sdk/lib/tinyusb/src/device/usbd.c.obj
                0x0000000010005bec                tud_descriptor_other_speed_configuration_cb
 .text.tud_mount_cb
                0x0000000010005bf0        0x4 CMakeFiles/blink.dir/home/patrick/projects/pico/pico-sdk/lib/tinyusb/src/device/usbd.c.obj
                0x0000000010005bf0                tud_mount_cb
 .text.tud_umount_cb
                0x0000000010005bf4        0x4 CMakeFiles/blink.dir/home/patrick/projects/pico/pico-sdk/lib/tinyusb/src/device/usbd.c.obj
                0x0000000010005bf4                tud_umount_cb
 .text.tud_suspend_cb
                0x0000000010005bf8        0x4 CMakeFiles/blink.dir/home/patrick/projects/pico/pico-sdk/lib/tinyusb/src/device/usbd.c.obj
                0x0000000010005bf8                tud_suspend_cb
 .text.tud_resume_cb
                0x0000000010005bfc        0x4 CMakeFiles/blink.dir/home/patrick/projects/pico/pico-sdk/lib/tinyusb/src/device/usbd.c.obj
                0x0000000010005bfc                tud_resume_cb
 .text.tud_mounted
                0x0000000010005c00       0x10 CMakeFiles/blink.dir/home/patrick/projects/pico/pico-sdk/lib/tinyusb/src/device/usbd.c.obj
                0x0000000010005c00                tud_mounted
 .text.tud_suspended
                0x0000000010005c10       0x10 CMakeFiles/blink.dir/home/patrick/projects/pico/pico-sdk/lib/tinyusb/src/device/usbd.c.obj
                0x0000000010005c10                tud_suspended
 .text.tud_init
                0x0000000010005c20       0xe4 CMakeFiles/blink.dir/home/patrick/projects/pico/pico-sdk/lib/tinyusb/src/device/usbd.c.obj
                0x0000000010005c20                tud_init
 .text.tud_task_ext
                0x0000000010005d04      0x800 CMakeFiles/blink.dir/home/patrick/projects/pico/pico-sdk/lib/tinyusb/src/device/usbd.c.obj
                0x0000000010005d04                tud_task_ext
 .text.usbd_open_edpt_pair
                0x0000000010006504       0x9c CMakeFiles/blink.dir/home/patrick/projects/pico/pico-sdk/lib/tinyusb/src/device/usbd.c.obj
                0x0000000010006504                usbd_open_edpt_pair
 .text.usbd_edpt_open
                0x00000000100065a0       0x34 CMakeFiles/blink.dir/home/patrick/projects/pico/pico-sdk/lib/tinyusb/src/device/usbd.c.obj
                0x00000000100065a0                usbd_edpt_open
 .text.usbd_edpt_claim
                0x00000000100065d4       0x28 CMakeFiles/blink.dir/home/patrick/projects/pico/pico-sdk/lib/tinyusb/src/device/usbd.c.obj
                0x00000000100065d4                usbd_edpt_claim
 .text.usbd_edpt_release
                0x00000000100065fc       0x28 CMakeFiles/blink.dir/home/patrick/projects/pico/pico-sdk/lib/tinyusb/src/device/usbd.c.obj
                0x00000000100065fc                usbd_edpt_release
 .text.usbd_edpt_xfer
                0x0000000010006624       0x4c CMakeFiles/blink.dir/home/patrick/projects/pico/pico-sdk/lib/tinyusb/src/device/usbd.c.obj
                0x0000000010006624                usbd_edpt_xfer
 .text.tud_control_status
                0x0000000010006670       0x30 CMakeFiles/blink.dir/home/patrick/projects/pico/pico-sdk/lib/tinyusb/src/device/usbd_control.c.obj
                0x0000000010006670                tud_control_status
 .text.tud_control_xfer
                0x00000000100066a0       0xbc CMakeFiles/blink.dir/home/patrick/projects/pico/pico-sdk/lib/tinyusb/src/device/usbd_control.c.obj
                0x00000000100066a0                tud_control_xfer
 .text.usbd_control_reset
                0x000000001000675c       0x14 CMakeFiles/blink.dir/home/patrick/projects/pico/pico-sdk/lib/tinyusb/src/device/usbd_control.c.obj
                0x000000001000675c                usbd_control_reset
 .text.usbd_control_set_complete_callback
                0x0000000010006770        0xc CMakeFiles/blink.dir/home/patrick/projects/pico/pico-sdk/lib/tinyusb/src/device/usbd_control.c.obj
                0x0000000010006770                usbd_control_set_complete_callback
 .text.usbd_control_set_request
                0x000000001000677c       0x1c CMakeFiles/blink.dir/home/patrick/projects/pico/pico-sdk/lib/tinyusb/src/device/usbd_control.c.obj
                0x000000001000677c                usbd_control_set_request
 .text.usbd_control_xfer_cb
                0x0000000010006798       0xf0 CMakeFiles/blink.dir/home/patrick/projects/pico/pico-sdk/lib/tinyusb/src/device/usbd_control.c.obj
                0x0000000010006798                usbd_control_xfer_cb
 .text._prep_out_transaction.isra.0
                0x0000000010006888       0x5c CMakeFiles/blink.dir/home/patrick/projects/pico/pico-sdk/lib/tinyusb/src/class/cdc/cdc_device.c.obj
 .text.tud_cdc_n_connected
                0x00000000100068e4       0x30 CMakeFiles/blink.dir/home/patrick/projects/pico/pico-sdk/lib/tinyusb/src/class/cdc/cdc_device.c.obj
                0x00000000100068e4                tud_cdc_n_connected
 .text.tud_cdc_n_available
                0x0000000010006914       0x18 CMakeFiles/blink.dir/home/patrick/projects/pico/pico-sdk/lib/tinyusb/src/class/cdc/cdc_device.c.obj
                0x0000000010006914                tud_cdc_n_available
 .text.tud_cdc_n_read
                0x000000001000692c       0x98 CMakeFiles/blink.dir/home/patrick/projects/pico/pico-sdk/lib/tinyusb/src/class/cdc/cdc_device.c.obj
                0x000000001000692c                tud_cdc_n_read
 .text.tud_cdc_n_write_flush
                0x00000000100069c4       0x78 CMakeFiles/blink.dir/home/patrick/projects/pico/pico-sdk/lib/tinyusb/src/class/cdc/cdc_device.c.obj
                0x00000000100069c4                tud_cdc_n_write_flush
 .text.tud_cdc_n_write
                0x0000000010006a3c       0x44 CMakeFiles/blink.dir/home/patrick/projects/pico/pico-sdk/lib/tinyusb/src/class/cdc/cdc_device.c.obj
                0x0000000010006a3c                tud_cdc_n_write
 .text.tud_cdc_n_write_available
                0x0000000010006a80       0x18 CMakeFiles/blink.dir/home/patrick/projects/pico/pico-sdk/lib/tinyusb/src/class/cdc/cdc_device.c.obj
                0x0000000010006a80                tud_cdc_n_write_available
 .text.cdcd_init
                0x0000000010006a98       0x7c CMakeFiles/blink.dir/home/patrick/projects/pico/pico-sdk/lib/tinyusb/src/class/cdc/cdc_device.c.obj
                0x0000000010006a98                cdcd_init
 .text.cdcd_deinit
                0x0000000010006b14       0x24 CMakeFiles/blink.dir/home/patrick/projects/pico/pico-sdk/lib/tinyusb/src/class/cdc/cdc_device.c.obj
                0x0000000010006b14                cdcd_deinit
 .text.cdcd_reset
                0x0000000010006b38       0x4c CMakeFiles/blink.dir/home/patrick/projects/pico/pico-sdk/lib/tinyusb/src/class/cdc/cdc_device.c.obj
                0x0000000010006b38                cdcd_reset
 .text.cdcd_open
                0x0000000010006b84       0xb4 CMakeFiles/blink.dir/home/patrick/projects/pico/pico-sdk/lib/tinyusb/src/class/cdc/cdc_device.c.obj
                0x0000000010006b84                cdcd_open
 .text.cdcd_control_xfer_cb
                0x0000000010006c38       0xe4 CMakeFiles/blink.dir/home/patrick/projects/pico/pico-sdk/lib/tinyusb/src/class/cdc/cdc_device.c.obj
                0x0000000010006c38                cdcd_control_xfer_cb
 .text.cdcd_xfer_cb
                0x0000000010006d1c       0xfc CMakeFiles/blink.dir/home/patrick/projects/pico/pico-sdk/lib/tinyusb/src/class/cdc/cdc_device.c.obj
                0x0000000010006d1c                cdcd_xfer_cb
 .text.tud_vendor_n_write_flush
                0x0000000010006e18       0x78 CMakeFiles/blink.dir/home/patrick/projects/pico/pico-sdk/lib/tinyusb/src/class/vendor/vendor_device.c.obj
                0x0000000010006e18                tud_vendor_n_write_flush
 .text.vendord_init
                0x0000000010006e90       0x64 CMakeFiles/blink.dir/home/patrick/projects/pico/pico-sdk/lib/tinyusb/src/class/vendor/vendor_device.c.obj
                0x0000000010006e90                vendord_init
 .text.vendord_deinit
                0x0000000010006ef4       0x24 CMakeFiles/blink.dir/home/patrick/projects/pico/pico-sdk/lib/tinyusb/src/class/vendor/vendor_device.c.obj
                0x0000000010006ef4                vendord_deinit
 .text.vendord_reset
                0x0000000010006f18       0x1c CMakeFiles/blink.dir/home/patrick/projects/pico/pico-sdk/lib/tinyusb/src/class/vendor/vendor_device.c.obj
                0x0000000010006f18                vendord_reset
 .text.vendord_open
                0x0000000010006f34       0xc8 CMakeFiles/blink.dir/home/patrick/projects/pico/pico-sdk/lib/tinyusb/src/class/vendor/vendor_device.c.obj
                0x0000000010006f34                vendord_open
 .text.vendord_xfer_cb
                0x0000000010006ffc       0xc8 CMakeFiles/blink.dir/home/patrick/projects/pico/pico-sdk/lib/tinyusb/src/class/vendor/vendor_device.c.obj
                0x0000000010006ffc                vendord_xfer_cb
 .text.tusb_init
                0x00000000100070c4        0xc CMakeFiles/blink.dir/home/patrick/projects/pico/pico-sdk/lib/tinyusb/src/tusb.c.obj
                0x00000000100070c4                tusb_init
 .text.tu_edpt_claim
                0x00000000100070d0       0x50 CMakeFiles/blink.dir/home/patrick/projects/pico/pico-sdk/lib/tinyusb/src/tusb.c.obj
                0x00000000100070d0                tu_edpt_claim
 .text.tu_edpt_release
                0x0000000010007120       0x38 CMakeFiles/blink.dir/home/patrick/projects/pico/pico-sdk/lib/tinyusb/src/tusb.c.obj
                0x0000000010007120                tu_edpt_release
 .text.tu_edpt_validate
                0x0000000010007158       0x78 CMakeFiles/blink.dir/home/patrick/projects/pico/pico-sdk/lib/tinyusb/src/tusb.c.obj
                0x0000000010007158                tu_edpt_validate
 .text.tu_edpt_bind_driver
                0x00000000100071d0       0x34 CMakeFiles/blink.dir/home/patrick/projects/pico/pico-sdk/lib/tinyusb/src/tusb.c.obj
                0x00000000100071d0                tu_edpt_bind_driver
 .text.tu_fifo_config
                0x0000000010007204       0x70 CMakeFiles/blink.dir/home/patrick/projects/pico/pico-sdk/lib/tinyusb/src/common/tusb_fifo.c.obj
                0x0000000010007204                tu_fifo_config
 .text.tu_fifo_count
                0x0000000010007274       0x2c CMakeFiles/blink.dir/home/patrick/projects/pico/pico-sdk/lib/tinyusb/src/common/tusb_fifo.c.obj
                0x0000000010007274                tu_fifo_count
 .text.tu_fifo_empty
                0x00000000100072a0       0x10 CMakeFiles/blink.dir/home/patrick/projects/pico/pico-sdk/lib/tinyusb/src/common/tusb_fifo.c.obj
                0x00000000100072a0                tu_fifo_empty
 .text.tu_fifo_remaining
                0x00000000100072b0       0x2c CMakeFiles/blink.dir/home/patrick/projects/pico/pico-sdk/lib/tinyusb/src/common/tusb_fifo.c.obj
                0x00000000100072b0                tu_fifo_remaining
 .text.tu_fifo_read
                0x00000000100072dc       0xa0 CMakeFiles/blink.dir/home/patrick/projects/pico/pico-sdk/lib/tinyusb/src/common/tusb_fifo.c.obj
                0x00000000100072dc                tu_fifo_read
 .text.tu_fifo_read_n
                0x000000001000737c       0xec CMakeFiles/blink.dir/home/patrick/projects/pico/pico-sdk/lib/tinyusb/src/common/tusb_fifo.c.obj
                0x000000001000737c                tu_fifo_read_n
 .text.tu_fifo_write
                0x0000000010007468       0x88 CMakeFiles/blink.dir/home/patrick/projects/pico/pico-sdk/lib/tinyusb/src/common/tusb_fifo.c.obj
                0x0000000010007468                tu_fifo_write
 .text.tu_fifo_write_n
                0x00000000100074f0      0x168 CMakeFiles/blink.dir/home/patrick/projects/pico/pico-sdk/lib/tinyusb/src/common/tusb_fifo.c.obj
                0x00000000100074f0                tu_fifo_write_n
 .text.tu_fifo_clear
                0x0000000010007658       0x40 CMakeFiles/blink.dir/home/patrick/projects/pico/pico-sdk/lib/tinyusb/src/common/tusb_fifo.c.obj
                0x0000000010007658                tu_fifo_clear
 .text.tu_fifo_set_overwritable
                0x0000000010007698       0x48 CMakeFiles/blink.dir/home/patrick/projects/pico/pico-sdk/lib/tinyusb/src/common/tusb_fifo.c.obj
                0x0000000010007698                tu_fifo_set_overwritable
 .text.pio_claim_unused_sm
                0x00000000100076e0       0x38 CMakeFiles/blink.dir/home/patrick/projects/pico/pico-sdk/src/rp2_common/hardware_pio/pio.c.obj
                0x00000000100076e0                pio_claim_unused_sm
 .text.pio_add_program
                0x0000000010007718       0xf4 CMakeFiles/blink.dir/home/patrick/projects/pico/pico-sdk/src/rp2_common/hardware_pio/pio.c.obj
                0x0000000010007718                pio_add_program
 .text.pio_sm_set_consecutive_pindirs
                0x000000001000780c       0xbc CMakeFiles/blink.dir/home/patrick/projects/pico/pico-sdk/src/rp2_common/hardware_pio/pio.c.obj
                0x000000001000780c                pio_sm_set_consecutive_pindirs
 .text.pio_sm_init
                0x00000000100078c8       0x90 CMakeFiles/blink.dir/home/patrick/projects/pico/pico-sdk/src/rp2_common/hardware_pio/pio.c.obj
                0x00000000100078c8                pio_sm_init
 .text.i2c_set_baudrate
                0x0000000010007958       0xc0 CMakeFiles/blink.dir/home/patrick/projects/pico/pico-sdk/src/rp2_common/hardware_i2c/i2c.c.obj
                0x0000000010007958                i2c_set_baudrate
 .text.i2c_init
                0x0000000010007a18       0x54 CMakeFiles/blink.dir/home/patrick/projects/pico/pico-sdk/src/rp2_common/hardware_i2c/i2c.c.obj
                0x0000000010007a18                i2c_init
 .text.i2c_write_blocking
                0x0000000010007a6c       0xd0 CMakeFiles/blink.dir/home/patrick/projects/pico/pico-sdk/src/rp2_common/hardware_i2c/i2c.c.obj
                0x0000000010007a6c                i2c_write_blocking
 .text          0x0000000010007b3c       0x28 /usr/lib/gcc/arm-none-eabi/10.3.1/../../../arm-none-eabi/lib/thumb/v6-m/nofp/libg.a(lib_a-malloc.o)
                0x0000000010007b3c                malloc
                0x0000000010007b50                free
 .text          0x0000000010007b64      0x574 /usr/lib/gcc/arm-none-eabi/10.3.1/../../../arm-none-eabi/lib/thumb/v6-m/nofp/libg.a(lib_a-mallocr.o)
                0x0000000010007b64                _malloc_r
 .text          0x00000000100080d8        0x8 /usr/lib/gcc/arm-none-eabi/10.3.1/../../../arm-none-eabi/lib/thumb/v6-m/nofp/libg.a(lib_a-mlock.o)
                0x00000000100080d8                __malloc_lock
                0x00000000100080dc                __malloc_unlock
 .text          0x00000000100080e0       0x24 /usr/lib/gcc/arm-none-eabi/10.3.1/../../../arm-none-eabi/lib/thumb/v6-m/nofp/libg.a(lib_a-sbrkr.o)
                0x00000000100080e0                _sbrk_r
 .text          0x0000000010008104       0x5c /usr/lib/gcc/arm-none-eabi/10.3.1/../../../arm-none-eabi/lib/thumb/v6-m/nofp/libg.a(lib_a-strlen-stub.o)
                0x0000000010008104                strlen
 .text          0x0000000010008160      0x260 /usr/lib/gcc/arm-none-eabi/10.3.1/../../../arm-none-eabi/lib/thumb/v6-m/nofp/libg.a(lib_a-freer.o)
                0x0000000010008160                _malloc_trim_r
                0x00000000100081fc                _free_r
 *(.fini)
 .fini          0x00000000100083c0        0x4 /usr/lib/gcc/arm-none-eabi/10.3.1/thumb/v6-m/nofp/crti.o
                0x00000000100083c0                _fini
 *fill*         0x00000000100083c4        0x4 
 .fini.__stub   0x00000000100083c8       0xf0 linker stubs
 *crtbegin.o(.ctors)
 *crtbegin?.o(.ctors)
 *(EXCLUDE_FILE(*crtend.o *crtend?.o) .ctors)
 *(SORT_BY_NAME(.ctors.*))
 *(.ctors)
 *crtbegin.o(.dtors)
 *crtbegin?.o(.dtors)
 *(EXCLUDE_FILE(*crtend.o *crtend?.o) .dtors)
 *(SORT_BY_NAME(.dtors.*))
 *(.dtors)
                0x00000000100084b8                . = ALIGN (0x4)
                0x00000000100084b8                PROVIDE (__preinit_array_start = .)
 *(SORT_BY_NAME(.preinit_array.*))
 .preinit_array.00100
                0x00000000100084b8        0x4 CMakeFiles/blink.dir/home/patrick/projects/pico/pico-sdk/src/rp2_common/pico_runtime_init/runtime_init.c.obj
                0x00000000100084b8                __pre_init_runtime_init_early_resets
 .preinit_array.00101
                0x00000000100084bc        0x4 CMakeFiles/blink.dir/home/patrick/projects/pico/pico-sdk/src/rp2_common/pico_runtime_init/runtime_init.c.obj
                0x00000000100084bc                __pre_init_runtime_init_usb_power_down
 .preinit_array.00275
                0x00000000100084c0        0x4 CMakeFiles/blink.dir/home/patrick/projects/pico/pico-sdk/src/rp2_common/pico_bit_ops/bit_ops_aeabi.S.obj
 .preinit_array.00300
                0x00000000100084c4        0x4 CMakeFiles/blink.dir/home/patrick/projects/pico/pico-sdk/src/rp2_common/pico_mem_ops/mem_ops_aeabi.S.obj
 .preinit_array.00350
                0x00000000100084c8        0x4 CMakeFiles/blink.dir/home/patrick/projects/pico/pico-sdk/src/rp2_common/pico_double/double_aeabi_rp2040.S.obj
 .preinit_array.00350
                0x00000000100084cc        0x4 CMakeFiles/blink.dir/home/patrick/projects/pico/pico-sdk/src/rp2_common/pico_float/float_aeabi_rp2040.S.obj
 .preinit_array.00500
                0x00000000100084d0        0x4 CMakeFiles/blink.dir/home/patrick/projects/pico/pico-sdk/src/rp2_common/pico_runtime_init/runtime_init.c.obj
                0x00000000100084d0                __pre_init_runtime_init_clocks
 .preinit_array.00600
                0x00000000100084d4        0x4 CMakeFiles/blink.dir/home/patrick/projects/pico/pico-sdk/src/rp2_common/pico_runtime_init/runtime_init.c.obj
                0x00000000100084d4                __pre_init_runtime_init_post_clock_resets
 .preinit_array.00700
                0x00000000100084d8        0x4 CMakeFiles/blink.dir/home/patrick/projects/pico/pico-sdk/src/rp2_common/pico_runtime_init/runtime_init.c.obj
                0x00000000100084d8                __pre_init_runtime_init_rp2040_gpio_ie_disable
 .preinit_array.01000
                0x00000000100084dc        0x4 CMakeFiles/blink.dir/home/patrick/projects/pico/pico-sdk/src/rp2_common/pico_runtime_init/runtime_init.c.obj
                0x00000000100084dc                __pre_init_runtime_init_spin_locks_reset
 .preinit_array.01100
                0x00000000100084e0        0x4 CMakeFiles/blink.dir/home/patrick/projects/pico/pico-sdk/src/common/pico_sync/mutex.c.obj
                0x00000000100084e0                __pre_init_runtime_init_mutex
 .preinit_array.10080
                0x00000000100084e4        0x4 CMakeFiles/blink.dir/home/patrick/projects/pico/pico-sdk/src/rp2_common/pico_runtime_init/runtime_init.c.obj
                0x00000000100084e4                __pre_init_runtime_init_install_ram_vector_table
 .preinit_array.11000
                0x00000000100084e8        0x4 CMakeFiles/blink.dir/home/patrick/projects/pico/pico-sdk/src/common/pico_time/time.c.obj
                0x00000000100084e8                __pre_init_runtime_init_default_alarm_pool
 .preinit_array.YYYYY
                0x00000000100084ec        0x4 CMakeFiles/blink.dir/home/patrick/projects/pico/pico-sdk/src/rp2_common/pico_runtime/runtime.c.obj
                0x00000000100084ec                __pre_init_first_per_core_initializer
 .preinit_array.ZZZZZ.01200
                0x00000000100084f0        0x4 CMakeFiles/blink.dir/home/patrick/projects/pico/pico-sdk/src/rp2_common/hardware_irq/irq.c.obj
                0x00000000100084f0                __pre_init_runtime_init_per_core_irq_priorities
 *(.preinit_array)
                0x00000000100084f4                PROVIDE (__preinit_array_end = .)
                0x00000000100084f4                . = ALIGN (0x4)
                0x00000000100084f4                PROVIDE (__init_array_start = .)
 *(SORT_BY_NAME(.init_array.*))
 *(.init_array)
 .init_array    0x00000000100084f4        0x4 /usr/lib/gcc/arm-none-eabi/10.3.1/thumb/v6-m/nofp/crtbegin.o
 .init_array    0x00000000100084f8        0x4 CMakeFiles/blink.dir/home/patrick/projects/pico/pico-sdk/src/rp2_common/pico_unique_id/unique_id.c.obj
                0x00000000100084fc                PROVIDE (__init_array_end = .)
                0x00000000100084fc                . = ALIGN (0x4)
                0x00000000100084fc                PROVIDE (__fini_array_start = .)
 *(SORT_BY_NAME(.fini_array.*))
 *(.fini_array)
                0x00000000100084fc                PROVIDE (__fini_array_end = .)
 *(.eh_frame*)
 .eh_frame      0x00000000100084fc        0x0 /usr/lib/gcc/arm-none-eabi/10.3.1/thumb/v6-m/nofp/crtbegin.o
                0x00000000100084fc                . = ALIGN (0x4)

.glue_7         0x00000000100084fc        0x0
 .glue_7        0x00000000100084fc        0x0 linker stubs

.glue_7t        0x00000000100084fc        0x0
 .glue_7t       0x00000000100084fc        0x0 linker stubs

.vfp11_veneer   0x00000000100084fc        0x0
 .vfp11_veneer  0x00000000100084fc        0x0 linker stubs

.v4_bx          0x00000000100084fc        0x0
 .v4_bx         0x00000000100084fc        0x0 linker stubs

.iplt           0x00000000100084fc        0x0
 .iplt          0x00000000100084fc        0x0 /usr/lib/gcc/arm-none-eabi/10.3.1/thumb/v6-m/nofp/crtbegin.o

.rodata         0x0000000010008500      0x994
 *(EXCLUDE_FILE(*libm.a: *libc.a:*lib_a-mem*.o *libgcc.a:) .rodata*)
 .rodata.onchange.0.str1.4
                0x0000000010008500       0x3b CMakeFiles/blink.dir/main.c.obj
 *fill*         0x000000001000853b        0x1 
 .rodata        0x000000001000853c       0x14 CMakeFiles/blink.dir/main.c.obj
 .rodata.main.str1.4
                0x0000000010008550        0x6 CMakeFiles/blink.dir/main.c.obj
 *fill*         0x0000000010008556        0x2 
 .rodata.blink_program
                0x0000000010008558        0x8 CMakeFiles/blink.dir/main.c.obj
 .rodata.blink_program_instructions
                0x0000000010008560       0x18 CMakeFiles/blink.dir/main.c.obj
 .rodata.quadrature_encoder_program
                0x0000000010008578        0x8 CMakeFiles/blink.dir/main.c.obj
 .rodata.quadrature_encoder_program_instructions
                0x0000000010008580       0x30 CMakeFiles/blink.dir/main.c.obj
 .rodata.ssd1306_init.str1.4
                0x00000000100085b0       0x3f CMakeFiles/blink.dir/ssd1306.c.obj
 *fill*         0x00000000100085ef        0x1 
 .rodata.ssd1306_show.str1.4
                0x00000000100085f0        0xd CMakeFiles/blink.dir/ssd1306.c.obj
 *fill*         0x00000000100085fd        0x3 
 .rodata.font_8x5
                0x0000000010008600      0x1e0 CMakeFiles/blink.dir/ssd1306.c.obj
                0x0000000010008600                font_8x5
 .rodata.panic.str1.4
                0x00000000100087e0       0x10 CMakeFiles/blink.dir/home/patrick/projects/pico/pico-sdk/src/rp2_common/pico_platform_panic/panic.c.obj
                                         0x12 (size before relaxing)
 .rodata.spin_lock_claim_unused.str1.4
                0x00000000100087f0       0x1b CMakeFiles/blink.dir/home/patrick/projects/pico/pico-sdk/src/rp2_common/hardware_sync/sync.c.obj
 *fill*         0x000000001000880b        0x1 
 .rodata.user_irq_claim_unused.str1.4
                0x000000001000880c       0x1b CMakeFiles/blink.dir/home/patrick/projects/pico/pico-sdk/src/rp2_common/hardware_irq/irq.c.obj
 *fill*         0x0000000010008827        0x1 
 .rodata.timer_hardware_alarm_claim.str1.4
                0x0000000010008828       0x22 CMakeFiles/blink.dir/home/patrick/projects/pico/pico-sdk/src/rp2_common/hardware_timer/timer.c.obj
 *fill*         0x000000001000884a        0x2 
 .rodata.hard_assertion_failure.str1.4
                0x000000001000884c        0xc CMakeFiles/blink.dir/home/patrick/projects/pico/pico-sdk/src/rp2_common/pico_runtime/runtime.c.obj
 .rodata.__wrap_malloc.str1.4
                0x0000000010008858        0xe CMakeFiles/blink.dir/home/patrick/projects/pico/pico-sdk/src/rp2_common/pico_malloc/malloc.c.obj
 *fill*         0x0000000010008866        0x2 
 .rodata.str1.4
                0x0000000010008868       0x2c CMakeFiles/blink.dir/home/patrick/projects/pico/pico-sdk/src/rp2_common/pico_standard_binary_info/standard_binary_info.c.obj
 .rodata.__bi_26
                0x0000000010008894        0xc CMakeFiles/blink.dir/home/patrick/projects/pico/pico-sdk/src/rp2_common/pico_standard_binary_info/standard_binary_info.c.obj
 .rodata.__bi_34
                0x00000000100088a0        0xc CMakeFiles/blink.dir/home/patrick/projects/pico/pico-sdk/src/rp2_common/pico_standard_binary_info/standard_binary_info.c.obj
 .rodata.__bi_42
                0x00000000100088ac        0xc CMakeFiles/blink.dir/home/patrick/projects/pico/pico-sdk/src/rp2_common/pico_standard_binary_info/standard_binary_info.c.obj
 .rodata.__bi_48
                0x00000000100088b8        0xc CMakeFiles/blink.dir/home/patrick/projects/pico/pico-sdk/src/rp2_common/pico_standard_binary_info/standard_binary_info.c.obj
 .rodata.__bi_54
                0x00000000100088c4        0xc CMakeFiles/blink.dir/home/patrick/projects/pico/pico-sdk/src/rp2_common/pico_standard_binary_info/standard_binary_info.c.obj
 .rodata.__bi_84
                0x00000000100088d0        0xc CMakeFiles/blink.dir/home/patrick/projects/pico/pico-sdk/src/rp2_common/pico_standard_binary_info/standard_binary_info.c.obj
 .rodata._ftoa.str1.4
                0x00000000100088dc       0x15 CMakeFiles/blink.dir/home/patrick/projects/pico/pico-sdk/src/rp2_common/pico_printf/printf.c.obj
 *fill*         0x00000000100088f1        0x3 
 .rodata._vsnprintf
                0x00000000100088f4      0x1e0 CMakeFiles/blink.dir/home/patrick/projects/pico/pico-sdk/src/rp2_common/pico_printf/printf.c.obj
 *fill*         0x0000000010008ad4        0x4 
 .rodata.pow10.0
                0x0000000010008ad8       0x50 CMakeFiles/blink.dir/home/patrick/projects/pico/pico-sdk/src/rp2_common/pico_printf/printf.c.obj
 .rodata.crlf_str.0
                0x0000000010008b28        0x2 CMakeFiles/blink.dir/home/patrick/projects/pico/pico-sdk/src/rp2_common/pico_stdio/stdio.c.obj
 *fill*         0x0000000010008b2a        0x2 
 .rodata.str1.4
                0x0000000010008b2c       0x2c CMakeFiles/blink.dir/home/patrick/projects/pico/pico-sdk/src/rp2_common/pico_stdio_uart/stdio_uart.c.obj
 .rodata.__bi_45.4
                0x0000000010008b58        0xc CMakeFiles/blink.dir/home/patrick/projects/pico/pico-sdk/src/rp2_common/pico_stdio_uart/stdio_uart.c.obj
 .rodata.__bi_49.5
                0x0000000010008b64        0x8 CMakeFiles/blink.dir/home/patrick/projects/pico/pico-sdk/src/rp2_common/pico_stdio_uart/stdio_uart.c.obj
 .rodata.__bi_50.6
                0x0000000010008b6c        0x8 CMakeFiles/blink.dir/home/patrick/projects/pico/pico-sdk/src/rp2_common/pico_stdio_uart/stdio_uart.c.obj
 .rodata._resetd_driver
                0x0000000010008b74       0x20 CMakeFiles/blink.dir/home/patrick/projects/pico/pico-sdk/src/rp2_common/pico_stdio_usb/reset_interface.c.obj
 .rodata.desc_bos
                0x0000000010008b94       0x21 CMakeFiles/blink.dir/home/patrick/projects/pico/pico-sdk/src/rp2_common/pico_stdio_usb/reset_interface.c.obj
                0x0000000010008b94                desc_bos
 *fill*         0x0000000010008bb5        0x3 
 .rodata.desc_ms_os_20
                0x0000000010008bb8       0xa6 CMakeFiles/blink.dir/home/patrick/projects/pico/pico-sdk/src/rp2_common/pico_stdio_usb/reset_interface.c.obj
 *fill*         0x0000000010008c5e        0x2 
 .rodata.str1.4
                0x0000000010008c60       0x13 CMakeFiles/blink.dir/home/patrick/projects/pico/pico-sdk/src/rp2_common/pico_stdio_usb/stdio_usb.c.obj
 *fill*         0x0000000010008c73        0x1 
 .rodata.__bi_197.0
                0x0000000010008c74        0xc CMakeFiles/blink.dir/home/patrick/projects/pico/pico-sdk/src/rp2_common/pico_stdio_usb/stdio_usb.c.obj
 .rodata.str1.4
                0x0000000010008c80       0x2a CMakeFiles/blink.dir/home/patrick/projects/pico/pico-sdk/src/rp2_common/pico_stdio_usb/stdio_usb_descriptors.c.obj
 *fill*         0x0000000010008caa        0x2 
 .rodata.usbd_desc_cfg
                0x0000000010008cac       0x54 CMakeFiles/blink.dir/home/patrick/projects/pico/pico-sdk/src/rp2_common/pico_stdio_usb/stdio_usb_descriptors.c.obj
 .rodata.usbd_desc_device
                0x0000000010008d00       0x12 CMakeFiles/blink.dir/home/patrick/projects/pico/pico-sdk/src/rp2_common/pico_stdio_usb/stdio_usb_descriptors.c.obj
 *fill*         0x0000000010008d12        0x2 
 .rodata.usbd_desc_str
                0x0000000010008d14       0x18 CMakeFiles/blink.dir/home/patrick/projects/pico/pico-sdk/src/rp2_common/pico_stdio_usb/stdio_usb_descriptors.c.obj
 .rodata.str1.4
                0x0000000010008d2c       0x14 CMakeFiles/blink.dir/home/patrick/projects/pico/pico-sdk/lib/tinyusb/src/portable/raspberrypi/rp2040/dcd_rp2040.c.obj
 .rodata.str1.4
                0x0000000010008d40       0x48 CMakeFiles/blink.dir/home/patrick/projects/pico/pico-sdk/lib/tinyusb/src/portable/raspberrypi/rp2040/rp2040_usb.c.obj
 .rodata.tud_task_ext
                0x0000000010008d88       0x8c CMakeFiles/blink.dir/home/patrick/projects/pico/pico-sdk/lib/tinyusb/src/device/usbd.c.obj
 .rodata        0x0000000010008e14       0x1c CMakeFiles/blink.dir/home/patrick/projects/pico/pico-sdk/lib/tinyusb/src/device/usbd.c.obj
 .rodata._usbd_driver
                0x0000000010008e30       0x40 CMakeFiles/blink.dir/home/patrick/projects/pico/pico-sdk/lib/tinyusb/src/device/usbd.c.obj
 .rodata.pio_claim_unused_sm.str1.4
                0x0000000010008e70       0x24 CMakeFiles/blink.dir/home/patrick/projects/pico/pico-sdk/src/rp2_common/hardware_pio/pio.c.obj
                0x0000000010008e94                . = ALIGN (0x4)
 *(SORT_BY_ALIGNMENT(SORT_BY_NAME(.flashdata*)))
                0x0000000010008e94                . = ALIGN (0x4)

.ARM.extab
 *(.ARM.extab* .gnu.linkonce.armextab.*)
                0x0000000010008e94                __exidx_start = .

.ARM.exidx
 *(.ARM.exidx* .gnu.linkonce.armexidx.*)
                0x0000000010008e94                __exidx_end = .
                0x0000000010008e94                . = ALIGN (0x4)
                0x0000000010008e94                __binary_info_start = .

.binary_info    0x0000000010008e94       0x28
 *(.binary_info.keep.*)
 .binary_info.keep.__bi_ptr26
                0x0000000010008e94        0x4 CMakeFiles/blink.dir/home/patrick/projects/pico/pico-sdk/src/rp2_common/pico_standard_binary_info/standard_binary_info.c.obj
 .binary_info.keep.__bi_ptr34
                0x0000000010008e98        0x4 CMakeFiles/blink.dir/home/patrick/projects/pico/pico-sdk/src/rp2_common/pico_standard_binary_info/standard_binary_info.c.obj
 .binary_info.keep.__bi_ptr42
                0x0000000010008e9c        0x4 CMakeFiles/blink.dir/home/patrick/projects/pico/pico-sdk/src/rp2_common/pico_standard_binary_info/standard_binary_info.c.obj
 .binary_info.keep.__bi_ptr48
                0x0000000010008ea0        0x4 CMakeFiles/blink.dir/home/patrick/projects/pico/pico-sdk/src/rp2_common/pico_standard_binary_info/standard_binary_info.c.obj
 .binary_info.keep.__bi_ptr54
                0x0000000010008ea4        0x4 CMakeFiles/blink.dir/home/patrick/projects/pico/pico-sdk/src/rp2_common/pico_standard_binary_info/standard_binary_info.c.obj
 .binary_info.keep.__bi_ptr84
                0x0000000010008ea8        0x4 CMakeFiles/blink.dir/home/patrick/projects/pico/pico-sdk/src/rp2_common/pico_standard_binary_info/standard_binary_info.c.obj
 *(.binary_info.*)
 .binary_info.__bi_ptr45
                0x0000000010008eac        0x4 CMakeFiles/blink.dir/home/patrick/projects/pico/pico-sdk/src/rp2_common/pico_stdio_uart/stdio_uart.c.obj
 .binary_info.__bi_ptr49
                0x0000000010008eb0        0x4 CMakeFiles/blink.dir/home/patrick/projects/pico/pico-sdk/src/rp2_common/pico_stdio_uart/stdio_uart.c.obj
 .binary_info.__bi_ptr50
                0x0000000010008eb4        0x4 CMakeFiles/blink.dir/home/patrick/projects/pico/pico-sdk/src/rp2_common/pico_stdio_uart/stdio_uart.c.obj
 .binary_info.__bi_ptr197
                0x0000000010008eb8        0x4 CMakeFiles/blink.dir/home/patrick/projects/pico/pico-sdk/src/rp2_common/pico_stdio_usb/stdio_usb.c.obj
                0x0000000010008ebc                __binary_info_end = .

.rel.dyn        0x0000000010008ebc        0x0
 .rel.iplt      0x0000000010008ebc        0x0 /usr/lib/gcc/arm-none-eabi/10.3.1/thumb/v6-m/nofp/crtbegin.o
                0x0000000010008ebc                . = ALIGN (0x4)

.ram_vector_table
                0x0000000020000000       0xc0
 *(.ram_vector_table)
 .ram_vector_table
                0x0000000020000000       0xc0 CMakeFiles/blink.dir/home/patrick/projects/pico/pico-sdk/src/rp2_common/pico_runtime_init/runtime_init.c.obj
                0x0000000020000000                ram_vector_table

.uninitialized_data
                0x00000000200000c0        0x0
                0x00000000200000c0                . = ALIGN (0x4)
 *(.uninitialized_data*)

.data           0x00000000200000c0     0x18c0 load address 0x0000000010008ebc
                0x00000000200000c0                __data_start__ = .
 *(vtable)
 *(.time_critical*)
 .time_critical.mutex_enter_blocking
                0x00000000200000c0       0x48 CMakeFiles/blink.dir/home/patrick/projects/pico/pico-sdk/src/common/pico_sync/mutex.c.obj
                0x00000000200000c0                mutex_enter_blocking
 .time_critical.mutex_try_enter
                0x0000000020000108       0x44 CMakeFiles/blink.dir/home/patrick/projects/pico/pico-sdk/src/common/pico_sync/mutex.c.obj
                0x0000000020000108                mutex_try_enter
 .time_critical.mutex_try_enter_block_until
                0x000000002000014c       0x9c CMakeFiles/blink.dir/home/patrick/projects/pico/pico-sdk/src/common/pico_sync/mutex.c.obj
                0x000000002000014c                mutex_try_enter_block_until
 .time_critical.mutex_enter_timeout_ms
                0x00000000200001e8       0x90 CMakeFiles/blink.dir/home/patrick/projects/pico/pico-sdk/src/common/pico_sync/mutex.c.obj
                0x00000000200001e8                mutex_enter_timeout_ms
 .time_critical.mutex_exit
                0x0000000020000278       0x28 CMakeFiles/blink.dir/home/patrick/projects/pico/pico-sdk/src/common/pico_sync/mutex.c.obj
                0x0000000020000278                mutex_exit
 .time_critical.flash_init_boot2_copyout
                0x00000000200002a0       0x30 CMakeFiles/blink.dir/home/patrick/projects/pico/pico-sdk/src/rp2_common/hardware_flash/flash.c.obj
 .time_critical.flash_enable_xip_via_boot2
                0x00000000200002d0       0x10 CMakeFiles/blink.dir/home/patrick/projects/pico/pico-sdk/src/rp2_common/hardware_flash/flash.c.obj
 .time_critical.flash_cs_force
                0x00000000200002e0       0x38 CMakeFiles/blink.dir/home/patrick/projects/pico/pico-sdk/src/rp2_common/hardware_flash/flash.c.obj
 .time_critical.flash_do_cmd
                0x0000000020000318       0xc4 CMakeFiles/blink.dir/home/patrick/projects/pico/pico-sdk/src/rp2_common/hardware_flash/flash.c.obj
                0x0000000020000318                flash_do_cmd
 .time_critical.reset_non_control_endpoints
                0x00000000200003dc       0xbc CMakeFiles/blink.dir/home/patrick/projects/pico/pico-sdk/lib/tinyusb/src/portable/raspberrypi/rp2040/dcd_rp2040.c.obj
 .time_critical.hw_handle_buff_status
                0x0000000020000498       0xa8 CMakeFiles/blink.dir/home/patrick/projects/pico/pico-sdk/lib/tinyusb/src/portable/raspberrypi/rp2040/dcd_rp2040.c.obj
 .time_critical.dcd_rp2040_irq
                0x0000000020000540      0x554 CMakeFiles/blink.dir/home/patrick/projects/pico/pico-sdk/lib/tinyusb/src/portable/raspberrypi/rp2040/dcd_rp2040.c.obj
 .time_critical.prepare_ep_buffer
                0x0000000020000a94       0xf4 CMakeFiles/blink.dir/home/patrick/projects/pico/pico-sdk/lib/tinyusb/src/portable/raspberrypi/rp2040/rp2040_usb.c.obj
 .time_critical.sync_ep_buffer
                0x0000000020000b88       0xb4 CMakeFiles/blink.dir/home/patrick/projects/pico/pico-sdk/lib/tinyusb/src/portable/raspberrypi/rp2040/rp2040_usb.c.obj
 .time_critical._hw_endpoint_xfer_sync
                0x0000000020000c3c       0x28 CMakeFiles/blink.dir/home/patrick/projects/pico/pico-sdk/lib/tinyusb/src/portable/raspberrypi/rp2040/rp2040_usb.c.obj
 .time_critical.e15_is_bulkin_ep
                0x0000000020000c64       0x28 CMakeFiles/blink.dir/home/patrick/projects/pico/pico-sdk/lib/tinyusb/src/portable/raspberrypi/rp2040/rp2040_usb.c.obj
 .time_critical.e15_is_critical_frame_period
                0x0000000020000c8c       0x34 CMakeFiles/blink.dir/home/patrick/projects/pico/pico-sdk/lib/tinyusb/src/portable/raspberrypi/rp2040/rp2040_usb.c.obj
 .time_critical.hw_endpoint_reset_transfer
                0x0000000020000cc0        0xc CMakeFiles/blink.dir/home/patrick/projects/pico/pico-sdk/lib/tinyusb/src/portable/raspberrypi/rp2040/rp2040_usb.c.obj
                0x0000000020000cc0                hw_endpoint_reset_transfer
 .time_critical._hw_endpoint_buffer_control_update32
                0x0000000020000ccc       0x50 CMakeFiles/blink.dir/home/patrick/projects/pico/pico-sdk/lib/tinyusb/src/portable/raspberrypi/rp2040/rp2040_usb.c.obj
                0x0000000020000ccc                _hw_endpoint_buffer_control_update32
 .time_critical.hw_endpoint_start_next_buffer
                0x0000000020000d1c       0x6c CMakeFiles/blink.dir/home/patrick/projects/pico/pico-sdk/lib/tinyusb/src/portable/raspberrypi/rp2040/rp2040_usb.c.obj
                0x0000000020000d1c                hw_endpoint_start_next_buffer
 .time_critical.hw_endpoint_xfer_continue
                0x0000000020000d88       0x40 CMakeFiles/blink.dir/home/patrick/projects/pico/pico-sdk/lib/tinyusb/src/portable/raspberrypi/rp2040/rp2040_usb.c.obj
                0x0000000020000d88                hw_endpoint_xfer_continue
 .time_critical.tinyusb
                0x0000000020000dc8      0x1f0 CMakeFiles/blink.dir/home/patrick/projects/pico/pico-sdk/lib/tinyusb/src/device/usbd.c.obj
                0x0000000020000dc8                dcd_event_handler
 *(.text*)
 .text          0x0000000020000fb8        0x4 /usr/lib/gcc/arm-none-eabi/10.3.1/thumb/v6-m/nofp/libgcc.a(_dvmd_tls.o)
                0x0000000020000fb8                __aeabi_ldiv0
                0x0000000020000fb8                __aeabi_idiv0
 .text          0x0000000020000fbc        0x4 /usr/lib/gcc/arm-none-eabi/10.3.1/thumb/v6-m/nofp/libgcc.a(_clear_cache.o)
                0x0000000020000fbc                __clear_cache
 .text.__stub   0x0000000020000fc0       0x80 linker stubs
                0x0000000020001040                . = ALIGN (0x4)
 *(.rodata*)
                0x0000000020001040                . = ALIGN (0x4)
 *(.data*)
 .data.striped_spin_lock_num
                0x0000000020001040        0x1 CMakeFiles/blink.dir/home/patrick/projects/pico/pico-sdk/src/rp2_common/hardware_sync/sync.c.obj
 *fill*         0x0000000020001041        0x3 
 .data          0x0000000020001044       0x48 CMakeFiles/blink.dir/home/patrick/projects/pico/pico-sdk/src/rp2_common/hardware_irq/irq_handler_chain.S.obj
                0x0000000020001044                irq_handler_chain_slots
                0x0000000020001074                irq_handler_chain_first_slot
                0x000000002000107e                irq_handler_chain_remove_tail
 .data.default_alarm_pool
                0x000000002000108c       0x18 CMakeFiles/blink.dir/home/patrick/projects/pico/pico-sdk/src/common/pico_time/time.c.obj
 *fill*         0x00000000200010a4        0xc 
 .data.aeabi_bits_funcs
                0x00000000200010b0       0x10 CMakeFiles/blink.dir/home/patrick/projects/pico/pico-sdk/src/rp2_common/pico_bit_ops/bit_ops_aeabi.S.obj
                0x00000000200010b0                aeabi_bits_funcs
                0x00000000200010c0                aeabi_bits_funcs_end
 .data.aeabi_mem_funcs
                0x00000000200010c0       0x10 CMakeFiles/blink.dir/home/patrick/projects/pico/pico-sdk/src/rp2_common/pico_mem_ops/mem_ops_aeabi.S.obj
                0x00000000200010c0                aeabi_mem_funcs
                0x00000000200010d0                aeabi_mem_funcs_end
 .data.stdio_uart
                0x00000000200010d0       0x18 CMakeFiles/blink.dir/home/patrick/projects/pico/pico-sdk/src/rp2_common/pico_stdio_uart/stdio_uart.c.obj
                0x00000000200010d0                stdio_uart
 .data.stdio_usb
                0x00000000200010e8       0x18 CMakeFiles/blink.dir/home/patrick/projects/pico/pico-sdk/src/rp2_common/pico_stdio_usb/stdio_usb.c.obj
                0x00000000200010e8                stdio_usb
 .data._usbd_qdef
                0x0000000020001100       0x1c CMakeFiles/blink.dir/home/patrick/projects/pico/pico-sdk/lib/tinyusb/src/device/usbd.c.obj
                0x0000000020001100                _usbd_qdef
 .data._usbd_rhport
                0x000000002000111c        0x1 CMakeFiles/blink.dir/home/patrick/projects/pico/pico-sdk/lib/tinyusb/src/device/usbd.c.obj
 *fill*         0x000000002000111d        0x3 
 .data.i2c0_inst
                0x0000000020001120        0x8 CMakeFiles/blink.dir/home/patrick/projects/pico/pico-sdk/src/rp2_common/hardware_i2c/i2c.c.obj
                0x0000000020001120                i2c0_inst
 .data.i2c1_inst
                0x0000000020001128        0x8 CMakeFiles/blink.dir/home/patrick/projects/pico/pico-sdk/src/rp2_common/hardware_i2c/i2c.c.obj
                0x0000000020001128                i2c1_inst
 .data          0x0000000020001130      0x430 /usr/lib/gcc/arm-none-eabi/10.3.1/../../../arm-none-eabi/lib/thumb/v6-m/nofp/libg.a(lib_a-impure.o)
                0x0000000020001130                _impure_ptr
 .data          0x0000000020001560      0x410 /usr/lib/gcc/arm-none-eabi/10.3.1/../../../arm-none-eabi/lib/thumb/v6-m/nofp/libg.a(lib_a-mallocr.o)
                0x0000000020001560                __malloc_sbrk_base
                0x0000000020001564                __malloc_trim_threshold
                0x0000000020001568                __malloc_av_
                0x0000000020001970                . = ALIGN (0x4)
 *(.after_data.*)
                0x0000000020001970                . = ALIGN (0x4)
                0x0000000020001970                PROVIDE (__mutex_array_start = .)
 *(SORT_BY_NAME(.mutex_array.*))
 *(.mutex_array)
 .mutex_array   0x0000000020001970        0x8 CMakeFiles/blink.dir/home/patrick/projects/pico/pico-sdk/src/rp2_common/pico_malloc/malloc.c.obj
 .mutex_array   0x0000000020001978        0x8 CMakeFiles/blink.dir/home/patrick/projects/pico/pico-sdk/src/rp2_common/pico_stdio/stdio.c.obj
                0x0000000020001980                PROVIDE (__mutex_array_end = .)
                0x0000000020001980                . = ALIGN (0x4)
 *(.jcr)
                0x0000000020001980                . = ALIGN (0x4)

.tm_clone_table
                0x0000000020001980        0x0 load address 0x000000001000a77c
 .tm_clone_table
                0x0000000020001980        0x0 /usr/lib/gcc/arm-none-eabi/10.3.1/thumb/v6-m/nofp/crtbegin.o
 .tm_clone_table
                0x0000000020001980        0x0 /usr/lib/gcc/arm-none-eabi/10.3.1/thumb/v6-m/nofp/crtend.o

.igot.plt       0x0000000020001980        0x0 load address 0x000000001000a77c
 .igot.plt      0x0000000020001980        0x0 /usr/lib/gcc/arm-none-eabi/10.3.1/thumb/v6-m/nofp/crtbegin.o

.tdata          0x0000000020001980        0x0 load address 0x000000001000a77c
                0x0000000020001980                . = ALIGN (0x4)
 *(.tdata .tdata.* .gnu.linkonce.td.*)
                0x0000000020001980                __tdata_end = .
                0x0000000020001980                PROVIDE (__data_end__ = .)
                0x0000000010008ebc                __etext = LOADADDR (.data)

.tbss           0x0000000020001980        0x0 load address 0x000000001000a77c
                0x0000000020001980                . = ALIGN (0x4)
                0x0000000020001980                __bss_start__ = .
                0x0000000020001980                __tls_base = .
 *(.tbss .tbss.* .gnu.linkonce.tb.*)
 *(.tcommon)
                0x0000000020001980                __tls_end = .

.bss            0x0000000020001980     0x11b4 load address 0x000000001000a77c
                0x0000000020001980                . = ALIGN (0x4)
                0x0000000020001980                __tbss_end = .
 *(SORT_BY_ALIGNMENT(SORT_BY_NAME(.bss*)))
 .bss.default_alarm_pool_entries
                0x0000000020001980      0x180 CMakeFiles/blink.dir/home/patrick/projects/pico/pico-sdk/src/common/pico_time/time.c.obj
 .bss.last_avail_time.1
                0x0000000020001b00        0x8 CMakeFiles/blink.dir/home/patrick/projects/pico/pico-sdk/src/rp2_common/pico_stdio_usb/stdio_usb.c.obj
 .bss.sd_table  0x0000000020001b08      0x100 CMakeFiles/blink.dir/home/patrick/projects/pico/pico-sdk/src/rp2_common/pico_double/double_init_rom_rp2040.c.obj
                0x0000000020001b08                sd_table
 .bss.sf_table  0x0000000020001c08      0x100 CMakeFiles/blink.dir/home/patrick/projects/pico/pico-sdk/src/rp2_common/pico_float/float_init_rom_rp2040.c.obj
                0x0000000020001c08                sf_table
 .bss           0x0000000020001d08       0x1c /usr/lib/gcc/arm-none-eabi/10.3.1/thumb/v6-m/nofp/crtbegin.o